Archive member included because of file (symbol)

c:/altera/13.0sp1/nios2eds/bin/gnu/h-i686-mingw32/bin/../lib/gcc/nios2-elf/4.1.2/mno-hw-mul\libgcc.a(_mul_df.o)
                              obj/default/hello_ucosii.o (__muldf3)
c:/altera/13.0sp1/nios2eds/bin/gnu/h-i686-mingw32/bin/../lib/gcc/nios2-elf/4.1.2/mno-hw-mul\libgcc.a(_div_df.o)
                              obj/default/hello_ucosii.o (__divdf3)
c:/altera/13.0sp1/nios2eds/bin/gnu/h-i686-mingw32/bin/../lib/gcc/nios2-elf/4.1.2/mno-hw-mul\libgcc.a(_si_to_df.o)
                              obj/default/hello_ucosii.o (__floatsidf)
c:/altera/13.0sp1/nios2eds/bin/gnu/h-i686-mingw32/bin/../lib/gcc/nios2-elf/4.1.2/mno-hw-mul\libgcc.a(_df_to_si.o)
                              obj/default/hello_ucosii.o (__fixdfsi)
c:/altera/13.0sp1/nios2eds/bin/gnu/h-i686-mingw32/bin/../lib/gcc/nios2-elf/4.1.2/mno-hw-mul\libgcc.a(_thenan_df.o)
                              c:/altera/13.0sp1/nios2eds/bin/gnu/h-i686-mingw32/bin/../lib/gcc/nios2-elf/4.1.2/mno-hw-mul\libgcc.a(_mul_df.o) (__thenan_df)
c:/altera/13.0sp1/nios2eds/bin/gnu/h-i686-mingw32/bin/../lib/gcc/nios2-elf/4.1.2/mno-hw-mul\libgcc.a(lib2-divmod.o)
                              obj/default/hello_ucosii.o (__divsi3)
c:/altera/13.0sp1/nios2eds/bin/gnu/h-i686-mingw32/bin/../lib/gcc/nios2-elf/4.1.2/mno-hw-mul\libgcc.a(lib2-mul.o)
                              obj/default/hello_ucosii.o (__mulsi3)
c:/altera/13.0sp1/nios2eds/bin/gnu/h-i686-mingw32/bin/../lib/gcc/nios2-elf/4.1.2/mno-hw-mul\libgcc.a(_muldi3.o)
                              c:/altera/13.0sp1/nios2eds/bin/gnu/h-i686-mingw32/bin/../lib/gcc/nios2-elf/4.1.2/mno-hw-mul\libgcc.a(_mul_df.o) (__muldi3)
c:/altera/13.0sp1/nios2eds/bin/gnu/h-i686-mingw32/bin/../lib/gcc/nios2-elf/4.1.2/mno-hw-mul\libgcc.a(_clzsi2.o)
                              c:/altera/13.0sp1/nios2eds/bin/gnu/h-i686-mingw32/bin/../lib/gcc/nios2-elf/4.1.2/mno-hw-mul\libgcc.a(_si_to_df.o) (__clzsi2)
c:/altera/13.0sp1/nios2eds/bin/gnu/h-i686-mingw32/bin/../lib/gcc/nios2-elf/4.1.2/mno-hw-mul\libgcc.a(_pack_df.o)
                              c:/altera/13.0sp1/nios2eds/bin/gnu/h-i686-mingw32/bin/../lib/gcc/nios2-elf/4.1.2/mno-hw-mul\libgcc.a(_mul_df.o) (__pack_d)
c:/altera/13.0sp1/nios2eds/bin/gnu/h-i686-mingw32/bin/../lib/gcc/nios2-elf/4.1.2/mno-hw-mul\libgcc.a(_unpack_df.o)
                              c:/altera/13.0sp1/nios2eds/bin/gnu/h-i686-mingw32/bin/../lib/gcc/nios2-elf/4.1.2/mno-hw-mul\libgcc.a(_mul_df.o) (__unpack_d)
c:/altera/13.0sp1/nios2eds/bin/gnu/h-i686-mingw32/bin/../lib/gcc/nios2-elf/4.1.2/mno-hw-mul\libgcc.a(_clz.o)
                              c:/altera/13.0sp1/nios2eds/bin/gnu/h-i686-mingw32/bin/../lib/gcc/nios2-elf/4.1.2/mno-hw-mul\libgcc.a(_clzsi2.o) (__clz_tab)
c:/altera/13.0sp1/nios2eds/bin/gnu/h-i686-mingw32/bin/../lib/gcc/nios2-elf/4.1.2/../../../../nios2-elf/lib/mno-hw-mul\libc.a(lib_a-printf.o)
                              obj/default/hello_ucosii.o (printf)
c:/altera/13.0sp1/nios2eds/bin/gnu/h-i686-mingw32/bin/../lib/gcc/nios2-elf/4.1.2/../../../../nios2-elf/lib/mno-hw-mul\libc.a(lib_a-putchar.o)
                              obj/default/hello_ucosii.o (putchar)
c:/altera/13.0sp1/nios2eds/bin/gnu/h-i686-mingw32/bin/../lib/gcc/nios2-elf/4.1.2/../../../../nios2-elf/lib/mno-hw-mul\libc.a(lib_a-puts.o)
                              obj/default/hello_ucosii.o (puts)
c:/altera/13.0sp1/nios2eds/bin/gnu/h-i686-mingw32/bin/../lib/gcc/nios2-elf/4.1.2/../../../../nios2-elf/lib/mno-hw-mul\libc.a(lib_a-strlen.o)
                              c:/altera/13.0sp1/nios2eds/bin/gnu/h-i686-mingw32/bin/../lib/gcc/nios2-elf/4.1.2/../../../../nios2-elf/lib/mno-hw-mul\libc.a(lib_a-puts.o) (strlen)
c:/altera/13.0sp1/nios2eds/bin/gnu/h-i686-mingw32/bin/../lib/gcc/nios2-elf/4.1.2/../../../../nios2-elf/lib/mno-hw-mul\libc.a(lib_a-vfprintf.o)
                              c:/altera/13.0sp1/nios2eds/bin/gnu/h-i686-mingw32/bin/../lib/gcc/nios2-elf/4.1.2/../../../../nios2-elf/lib/mno-hw-mul\libc.a(lib_a-printf.o) (___vfprintf_internal_r)
c:/altera/13.0sp1/nios2eds/bin/gnu/h-i686-mingw32/bin/../lib/gcc/nios2-elf/4.1.2/../../../../nios2-elf/lib/mno-hw-mul\libc.a(lib_a-wsetup.o)
                              c:/altera/13.0sp1/nios2eds/bin/gnu/h-i686-mingw32/bin/../lib/gcc/nios2-elf/4.1.2/../../../../nios2-elf/lib/mno-hw-mul\libc.a(lib_a-vfprintf.o) (__swsetup_r)
c:/altera/13.0sp1/nios2eds/bin/gnu/h-i686-mingw32/bin/../lib/gcc/nios2-elf/4.1.2/../../../../nios2-elf/lib/mno-hw-mul\libc.a(lib_a-dtoa.o)
                              c:/altera/13.0sp1/nios2eds/bin/gnu/h-i686-mingw32/bin/../lib/gcc/nios2-elf/4.1.2/../../../../nios2-elf/lib/mno-hw-mul\libc.a(lib_a-vfprintf.o) (_dtoa_r)
c:/altera/13.0sp1/nios2eds/bin/gnu/h-i686-mingw32/bin/../lib/gcc/nios2-elf/4.1.2/../../../../nios2-elf/lib/mno-hw-mul\libc.a(lib_a-fflush.o)
[...]
Memory Configuration

Name             Origin             Length             Attributes
reset            0x00080000         0x00000020
sram_0           0x00080020         0x0007ffe0
*default*        0x00000000         0xffffffff

Linker script and memory map

LOAD ../PenDuLum_bsp//obj/HAL/src/crt0.o
LOAD obj/default/hello_ucosii.o
LOAD c:/altera/13.0sp1/nios2eds/bin/gnu/h-i686-mingw32/bin/../lib/gcc/nios2-elf/4.1.2/../../../../nios2-elf/lib/mno-hw-mul\libstdc++.a
LOAD c:/altera/13.0sp1/nios2eds/bin/gnu/h-i686-mingw32/bin/../lib/gcc/nios2-elf/4.1.2/../../../../nios2-elf/lib/mno-hw-mul\libm.a
LOAD c:/altera/13.0sp1/nios2eds/bin/gnu/h-i686-mingw32/bin/../lib/gcc/nios2-elf/4.1.2/mno-hw-mul\libgcc.a
START GROUP
LOAD c:/altera/13.0sp1/nios2eds/bin/gnu/h-i686-mingw32/bin/../lib/gcc/nios2-elf/4.1.2/../../../../nios2-elf/lib/mno-hw-mul\libc.a
LOAD c:/altera/13.0sp1/nios2eds/bin/gnu/h-i686-mingw32/bin/../lib/gcc/nios2-elf/4.1.2/mno-hw-mul\libgcc.a
LOAD ../PenDuLum_bsp/\libucosii_bsp.a
END GROUP
LOAD c:/altera/13.0sp1/nios2eds/bin/gnu/h-i686-mingw32/bin/../lib/gcc/nios2-elf/4.1.2/mno-hw-mul\libgcc.a
                0x00080000                __alt_mem_sram_0 = 0x80000

.entry          0x00080000       0x20
 *(.entry)
 .entry         0x00080000       0x20 ../PenDuLum_bsp//obj/HAL/src/crt0.o
                0x00080000                __reset

.exceptions     0x00080020      0x1a0
                0x00080020                PROVIDE (__ram_exceptions_start, ABSOLUTE (.))
                0x00080020                . = ALIGN (0x20)
 *(.irq)
 *(.exceptions.entry.label)
 .exceptions.entry.label
                0x00080020        0x0 ../PenDuLum_bsp/\libucosii_bsp.a(alt_irq_entry.o)
                0x00080020                alt_irq_entry
 .exceptions.entry.label
                0x00080020        0x0 ../PenDuLum_bsp/\libucosii_bsp.a(alt_exception_entry.o)
                0x00080020                alt_exception
 *(.exceptions.entry.user)
 *(.exceptions.entry)
 .exceptions.entry
                0x00080020       0x54 ../PenDuLum_bsp/\libucosii_bsp.a(alt_exception_entry.o)
 *(.exceptions.irqtest.user)
 *(.exceptions.irqtest)
 .exceptions.irqtest
                0x00080074       0x10 ../PenDuLum_bsp/\libucosii_bsp.a(alt_irq_entry.o)
 *(.exceptions.irqhandler.user)
 *(.exceptions.irqhandler)
 .exceptions.irqhandler
                0x00080084        0x4 ../PenDuLum_bsp/\libucosii_bsp.a(alt_irq_entry.o)
 *(.exceptions.irqreturn.user)
 *(.exceptions.irqreturn)
 .exceptions.irqreturn
                0x00080088        0x4 ../PenDuLum_bsp/\libucosii_bsp.a(alt_irq_entry.o)
 *(.exceptions.notirq.label)
 .exceptions.notirq.label
                0x0008008c        0x0 ../PenDuLum_bsp/\libucosii_bsp.a(alt_irq_entry.o)
 *(.exceptions.notirq.user)
 *(.exceptions.notirq)
 .exceptions.notirq
                0x0008008c        0x8 ../PenDuLum_bsp/\libucosii_bsp.a(alt_exception_entry.o)
 *(.exceptions.soft.user)
 *(.exceptions.soft)
 *(.exceptions.unknown.user)
 *(.exceptions.unknown)
 .exceptions.unknown
                0x00080094        0x4 ../PenDuLum_bsp/\libucosii_bsp.a(alt_exception_entry.o)
 *(.exceptions.exit.label)
 .exceptions.exit.label
                0x00080098        0x0 ../PenDuLum_bsp/\libucosii_bsp.a(alt_irq_entry.o)
 .exceptions.exit.label
                0x00080098        0x0 ../PenDuLum_bsp/\libucosii_bsp.a(alt_exception_entry.o)
 *(.exceptions.exit.user)
 *(.exceptions.exit)
 .exceptions.exit
                0x00080098       0x54 ../PenDuLum_bsp/\libucosii_bsp.a(alt_exception_entry.o)
 *(.exceptions)
 .exceptions    0x000800ec       0xd4 ../PenDuLum_bsp/\libucosii_bsp.a(alt_irq_handler.o)
                0x000800ec                alt_irq_handler
                0x000801c0                PROVIDE (__ram_exceptions_end, ABSOLUTE (.))
                0x00080020                PROVIDE (__flash_exceptions_start, LOADADDR (.exceptions))

.text           0x000801c0    0x1728c
                0x000801c0                PROVIDE (stext, ABSOLUTE (.))
 *(.interp)
 *(.hash)
 *(.dynsym)
 *(.dynstr)
 *(.gnu.version)
 *(.gnu.version_d)
 *(.gnu.version_r)
 *(.rel.init)
 *(.rela.init)
 *(.rel.text .rel.text.* .rel.gnu.linkonce.t.*)
 *(.rela.text .rela.text.* .rela.gnu.linkonce.t.*)
 *(.rel.fini)
 *(.rela.fini)
 *(.rel.rodata .rel.rodata.* .rel.gnu.linkonce.r.*)
 *(.rela.rodata .rela.rodata.* .rela.gnu.linkonce.r.*)
 *(.rel.data .rel.data.* .rel.gnu.linkonce.d.*)
 *(.rela.data .rela.data.* .rela.gnu.linkonce.d.*)
 *(.rel.tdata .rel.tdata.* .rel.gnu.linkonce.td.*)
 *(.rela.tdata .rela.tdata.* .rela.gnu.linkonce.td.*)
 *(.rel.tbss .rel.tbss.* .rel.gnu.linkonce.tb.*)
 *(.rela.tbss .rela.tbss.* .rela.gnu.linkonce.tb.*)
 *(.rel.ctors)
 *(.rela.ctors)
 *(.rel.dtors)
 *(.rela.dtors)
 *(.rel.got)
 *(.rela.got)
 *(.rel.sdata .rel.sdata.* .rel.gnu.linkonce.s.*)
 *(.rela.sdata .rela.sdata.* .rela.gnu.linkonce.s.*)
 *(.rel.sbss .rel.sbss.* .rel.gnu.linkonce.sb.*)
 *(.rela.sbss .rela.sbss.* .rela.gnu.linkonce.sb.*)
 *(.rel.sdata2 .rel.sdata2.* .rel.gnu.linkonce.s2.*)
 *(.rela.sdata2 .rela.sdata2.* .rela.gnu.linkonce.s2.*)
 *(.rel.sbss2 .rel.sbss2.* .rel.gnu.linkonce.sb2.*)
 *(.rela.sbss2 .rela.sbss2.* .rela.gnu.linkonce.sb2.*)
 *(.rel.bss .rel.bss.* .rel.gnu.linkonce.b.*)
 *(.rela.bss .rela.bss.* .rela.gnu.linkonce.b.*)
 *(.rel.plt)
 *(.rela.plt)
 *(.rel.dyn)
 *(.init)
 *(.plt)
 *(.text .stub .text.* .gnu.linkonce.t.*)
 .text          0x000801c0       0x3c ../PenDuLum_bsp//obj/HAL/src/crt0.o
                0x000801c0                _start
 .text          0x000801fc     0x1b68 obj/default/hello_ucosii.o
                0x000801fc                beam_change_task
                0x00080480                encoder_change_task
                0x00080534                motor_setting_task
                0x000807bc                tracking_task
                0x000808a4                display_angle_task
                0x0008093c                PID_task
                0x00080b88                end_operations_task
                0x00080c24                main
                0x00080e28                addIntegratorValue
                0x00080eb4                getIntegratorTotal
                0x00080f1c                captureMatlabData
                0x000811d8                zeiglerNicholsConstants
                0x0008133c                addOverflow
                0x00081408                subOverflow
                0x000814d4                multOverflow
                0x0008159c                InitMicrosecs
                0x000815c8                GetMicrosecs
                0x000815f8                Seven_Display
                0x000816f0                MultiSevenSeg
                0x00081a48                OpenPortDevs
                0x00081d14                CE
 .text          0x00081d64      0x3c4 c:/altera/13.0sp1/nios2eds/bin/gnu/h-i686-mingw32/bin/../lib/gcc/nios2-elf/4.1.2/mno-hw-mul\libgcc.a(_mul_df.o)
                0x00081d64                __muldf3
 .text          0x00082128      0x258 c:/altera/13.0sp1/nios2eds/bin/gnu/h-i686-mingw32/bin/../lib/gcc/nios2-elf/4.1.2/mno-hw-mul\libgcc.a(_div_df.o)
                0x00082128                __divdf3
 .text          0x00082380       0xf8 c:/altera/13.0sp1/nios2eds/bin/gnu/h-i686-mingw32/bin/../lib/gcc/nios2-elf/4.1.2/mno-hw-mul\libgcc.a(_si_to_df.o)
                0x00082380                __floatsidf
 .text          0x00082478       0xd8 c:/altera/13.0sp1/nios2eds/bin/gnu/h-i686-mingw32/bin/../lib/gcc/nios2-elf/4.1.2/mno-hw-mul\libgcc.a(_df_to_si.o)
                0x00082478                __fixdfsi
 .text          0x00082550        0x0 c:/altera/13.0sp1/nios2eds/bin/gnu/h-i686-mingw32/bin/../lib/gcc/nios2-elf/4.1.2/mno-hw-mul\libgcc.a(_thenan_df.o)
 .text          0x00082550      0x14c c:/altera/13.0sp1/nios2eds/bin/gnu/h-i686-mingw32/bin/../lib/gcc/nios2-elf/4.1.2/mno-hw-mul\libgcc.a(lib2-divmod.o)
                0x000825cc                __divsi3
                0x0008262c                __modsi3
                0x0008268c                __udivsi3
                0x00082694                __umodsi3
 .text          0x0008269c       0x38 c:/altera/13.0sp1/nios2eds/bin/gnu/h-i686-mingw32/bin/../lib/gcc/nios2-elf/4.1.2/mno-hw-mul\libgcc.a(lib2-mul.o)
                0x0008269c                __mulsi3
 .text          0x000826d4      0x124 c:/altera/13.0sp1/nios2eds/bin/gnu/h-i686-mingw32/bin/../lib/gcc/nios2-elf/4.1.2/mno-hw-mul\libgcc.a(_muldi3.o)
                0x000826d4                __muldi3
 .text          0x000827f8       0x80 c:/altera/13.0sp1/nios2eds/bin/gnu/h-i686-mingw32/bin/../lib/gcc/nios2-elf/4.1.2/mno-hw-mul\libgcc.a(_clzsi2.o)
                0x000827f8                __clzsi2
 .text          0x00082878      0x314 c:/altera/13.0sp1/nios2eds/bin/gnu/h-i686-mingw32/bin/../lib/gcc/nios2-elf/4.1.2/mno-hw-mul\libgcc.a(_pack_df.o)
                0x00082878                __pack_d
 .text          0x00082b8c      0x138 c:/altera/13.0sp1/nios2eds/bin/gnu/h-i686-mingw32/bin/../lib/gcc/nios2-elf/4.1.2/mno-hw-mul\libgcc.a(_unpack_df.o)
                0x00082b8c                __unpack_d
 .text          0x00082cc4        0x0 c:/altera/13.0sp1/nios2eds/bin/gnu/h-i686-mingw32/bin/../lib/gcc/nios2-elf/4.1.2/mno-hw-mul\libgcc.a(_clz.o)
 .text          0x00082cc4       0x78 c:/altera/13.0sp1/nios2eds/bin/gnu/h-i686-mingw32/bin/../lib/gcc/nios2-elf/4.1.2/../../../../nios2-elf/lib/mno-hw-mul\libc.a(lib_a-printf.o)
                0x00082cc4                printf
                0x00082d08                _printf_r
 .text          0x00082d3c       0x24 c:/altera/13.0sp1/nios2eds/bin/gnu/h-i686-mingw32/bin/../lib/gcc/nios2-elf/4.1.2/../../../../nios2-elf/lib/mno-hw-mul\libc.a(lib_a-putchar.o)
                0x00082d3c                putchar
                0x00082d58                _putchar_r
 .text          0x00082d60       0xb4 c:/altera/13.0sp1/nios2eds/bin/gnu/h-i686-mingw32/bin/../lib/gcc/nios2-elf/4.1.2/../../../../nios2-elf/lib/mno-hw-mul\libc.a(lib_a-puts.o)
                0x00082d60                _puts_r
                0x00082e00                puts
 .text          0x00082e14       0x74 c:/altera/13.0sp1/nios2eds/bin/gnu/h-i686-mingw32/bin/../lib/gcc/nios2-elf/4.1.2/../../../../nios2-elf/lib/mno-hw-mul\libc.a(lib_a-strlen.o)
                0x00082e14                strlen
 .text          0x00082e88     0x1f40 c:/altera/13.0sp1/nios2eds/bin/gnu/h-i686-mingw32/bin/../lib/gcc/nios2-elf/4.1.2/../../../../nios2-elf/lib/mno-hw-mul\libc.a(lib_a-vfprintf.o)
                0x00082ee0                ___vfprintf_internal_r
                0x00084da4                __vfprintf_internal
 .text          0x00084dc8      0x13c c:/altera/13.0sp1/nios2eds/bin/gnu/h-i686-mingw32/bin/../lib/gcc/nios2-elf/4.1.2/../../../../nios2-elf/lib/mno-hw-mul\libc.a(lib_a-wsetup.o)
                0x00084dc8                __swsetup_r
 .text          0x00084f04     0x17f8 c:/altera/13.0sp1/nios2eds/bin/gnu/h-i686-mingw32/bin/../lib/gcc/nios2-elf/4.1.2/../../../../nios2-elf/lib/mno-hw-mul\libc.a(lib_a-dtoa.o)
                0x00085148                _dtoa_r
 .text          0x000866fc      0x230 c:/altera/13.0sp1/nios2eds/bin/gnu/h-i686-mingw32/bin/../lib/gcc/nios2-elf/4.1.2/../../../../nios2-elf/lib/mno-hw-mul\libc.a(lib_a-fflush.o)
                0x000866fc                _fflush_r
                0x000868f8                fflush
 .text          0x0008692c      0x2f4 c:/altera/13.0sp1/nios2eds/bin/gnu/h-i686-mingw32/bin/../lib/gcc/nios2-elf/4.1.2/../../../../nios2-elf/lib/mno-hw-mul\libc.a(lib_a-findfp.o)
                0x00086984                __sfp_lock_acquire
                0x00086988                __sfp_lock_release
                0x0008698c                __sinit_lock_acquire
                0x00086990                __sinit_lock_release
                0x00086994                __sinit
                0x00086a48                __fp_unlock_all
                0x00086a60                __fp_lock_all
                0x00086a78                _cleanup_r
                0x00086a84                _cleanup
                0x00086a94                __sfmoreglue
                0x00086b30                __sfp
 .text          0x00086c20      0x440 c:/altera/13.0sp1/nios2eds/bin/gnu/h-i686-mingw32/bin/../lib/gcc/nios2-elf/4.1.2/../../../../nios2-elf/lib/mno-hw-mul\libc.a(lib_a-freer.o)
                0x00086c20                _malloc_trim_r
                0x00086d4c                _free_r
 .text          0x00087060      0x49c c:/altera/13.0sp1/nios2eds/bin/gnu/h-i686-mingw32/bin/../lib/gcc/nios2-elf/4.1.2/../../../../nios2-elf/lib/mno-hw-mul\libc.a(lib_a-fvwrite.o)
                0x00087060                __sfvwrite_r
 .text          0x000874fc      0x180 c:/altera/13.0sp1/nios2eds/bin/gnu/h-i686-mingw32/bin/../lib/gcc/nios2-elf/4.1.2/../../../../nios2-elf/lib/mno-hw-mul\libc.a(lib_a-fwalk.o)
                0x000874fc                _fwalk_reent
                0x000875c4                _fwalk
 .text          0x0008767c        0x0 c:/altera/13.0sp1/nios2eds/bin/gnu/h-i686-mingw32/bin/../lib/gcc/nios2-elf/4.1.2/../../../../nios2-elf/lib/mno-hw-mul\libc.a(lib_a-impure.o)
 .text          0x0008767c       0xc4 c:/altera/13.0sp1/nios2eds/bin/gnu/h-i686-mingw32/bin/../lib/gcc/nios2-elf/4.1.2/../../../../nios2-elf/lib/mno-hw-mul\libc.a(lib_a-locale.o)
                0x0008767c                __locale_charset
                0x00087684                _localeconv_r
                0x00087690                localeconv
                0x000876a0                _setlocale_r
                0x00087724                setlocale
 .text          0x00087740      0x194 c:/altera/13.0sp1/nios2eds/bin/gnu/h-i686-mingw32/bin/../lib/gcc/nios2-elf/4.1.2/../../../../nios2-elf/lib/mno-hw-mul\libc.a(lib_a-makebuf.o)
                0x00087740                __smakebuf_r
 .text          0x000878d4      0x740 c:/altera/13.0sp1/nios2eds/bin/gnu/h-i686-mingw32/bin/../lib/gcc/nios2-elf/4.1.2/../../../../nios2-elf/lib/mno-hw-mul\libc.a(lib_a-mallocr.o)
                0x000878d4                _malloc_r
 .text          0x00088014       0xe4 c:/altera/13.0sp1/nios2eds/bin/gnu/h-i686-mingw32/bin/../lib/gcc/nios2-elf/4.1.2/../../../../nios2-elf/lib/mno-hw-mul\libc.a(lib_a-memchr.o)
                0x00088014                memchr
 .text          0x000880f8       0xa0 c:/altera/13.0sp1/nios2eds/bin/gnu/h-i686-mingw32/bin/../lib/gcc/nios2-elf/4.1.2/../../../../nios2-elf/lib/mno-hw-mul\libc.a(lib_a-memcpy.o)
                0x000880f8                memcpy
 .text          0x00088198       0xe0 c:/altera/13.0sp1/nios2eds/bin/gnu/h-i686-mingw32/bin/../lib/gcc/nios2-elf/4.1.2/../../../../nios2-elf/lib/mno-hw-mul\libc.a(lib_a-memmove.o)
                0x00088198                memmove
 .text          0x00088278       0x98 c:/altera/13.0sp1/nios2eds/bin/gnu/h-i686-mingw32/bin/../lib/gcc/nios2-elf/4.1.2/../../../../nios2-elf/lib/mno-hw-mul\libc.a(lib_a-memset.o)
                0x00088278                memset
 .text          0x00088310     0x108c c:/altera/13.0sp1/nios2eds/bin/gnu/h-i686-mingw32/bin/../lib/gcc/nios2-elf/4.1.2/../../../../nios2-elf/lib/mno-hw-mul\libc.a(lib_a-mprec.o)
                0x00088310                _Bfree
                0x00088338                __hi0bits
                0x000883a8                __lo0bits
                0x0008846c                __mcmp
                0x000884cc                __ulp
                0x0008854c                __b2d
                0x0008866c                __ratio
                0x0008871c                _mprec_log10
                0x000887b0                __copybits
                0x00088808                __any_on
                0x00088890                _Balloc
                0x0008894c                __d2b
                0x00088ac8                __mdiff
                0x00088c54                __lshift
                0x00088da0                __multiply
                0x00088ff4                __i2b
                0x00089030                __multadd
                0x0008915c                __pow5mult
                0x0008927c                __s2b
 .text          0x0008939c      0x1ec c:/altera/13.0sp1/nios2eds/bin/gnu/h-i686-mingw32/bin/../lib/gcc/nios2-elf/4.1.2/../../../../nios2-elf/lib/mno-hw-mul\libc.a(lib_a-putc.o)
                0x0008939c                putc
                0x000894a0                _putc_r
 .text          0x00089588      0x5f4 c:/altera/13.0sp1/nios2eds/bin/gnu/h-i686-mingw32/bin/../lib/gcc/nios2-elf/4.1.2/../../../../nios2-elf/lib/mno-hw-mul\libc.a(lib_a-reallocr.o)
                0x00089588                _realloc_r
 .text          0x00089b7c       0x40 c:/altera/13.0sp1/nios2eds/bin/gnu/h-i686-mingw32/bin/../lib/gcc/nios2-elf/4.1.2/../../../../nios2-elf/lib/mno-hw-mul\libc.a(lib_a-s_isinfd.o)
                0x00089b7c                __isinfd
 .text          0x00089bbc       0x30 c:/altera/13.0sp1/nios2eds/bin/gnu/h-i686-mingw32/bin/../lib/gcc/nios2-elf/4.1.2/../../../../nios2-elf/lib/mno-hw-mul\libc.a(lib_a-s_isnand.o)
                0x00089bbc                __isnand
 .text          0x00089bec       0x70 c:/altera/13.0sp1/nios2eds/bin/gnu/h-i686-mingw32/bin/../lib/gcc/nios2-elf/4.1.2/../../../../nios2-elf/lib/mno-hw-mul\libc.a(lib_a-sbrkr.o)
                0x00089bec                _sbrk_r
 .text          0x00089c5c      0x14c c:/altera/13.0sp1/nios2eds/bin/gnu/h-i686-mingw32/bin/../lib/gcc/nios2-elf/4.1.2/../../../../nios2-elf/lib/mno-hw-mul\libc.a(lib_a-stdio.o)
                0x00089c5c                __sclose
                0x00089c64                __sseek
                0x00089ccc                __swrite
                0x00089d48                __sread
 .text          0x00089da8       0xbc c:/altera/13.0sp1/nios2eds/bin/gnu/h-i686-mingw32/bin/../lib/gcc/nios2-elf/4.1.2/../../../../nios2-elf/lib/mno-hw-mul\libc.a(lib_a-strcmp.o)
                0x00089da8                strcmp
 .text          0x00089e64      0x14c c:/altera/13.0sp1/nios2eds/bin/gnu/h-i686-mingw32/bin/../lib/gcc/nios2-elf/4.1.2/../../../../nios2-elf/lib/mno-hw-mul\libc.a(lib_a-wbuf.o)
                0x00089e64                __swbuf_r
                0x00089f94                __swbuf
 .text          0x00089fb0       0x78 c:/altera/13.0sp1/nios2eds/bin/gnu/h-i686-mingw32/bin/../lib/gcc/nios2-elf/4.1.2/../../../../nios2-elf/lib/mno-hw-mul\libc.a(lib_a-writer.o)
                0x00089fb0                _write_r
 .text          0x0008a028       0xc8 c:/altera/13.0sp1/nios2eds/bin/gnu/h-i686-mingw32/bin/../lib/gcc/nios2-elf/4.1.2/../../../../nios2-elf/lib/mno-hw-mul\libc.a(lib_a-callocr.o)
                0x0008a028                _calloc_r
 .text          0x0008a0f0       0x70 c:/altera/13.0sp1/nios2eds/bin/gnu/h-i686-mingw32/bin/../lib/gcc/nios2-elf/4.1.2/../../../../nios2-elf/lib/mno-hw-mul\libc.a(lib_a-closer.o)
                0x0008a0f0                _close_r
 .text          0x0008a160      0x124 c:/altera/13.0sp1/nios2eds/bin/gnu/h-i686-mingw32/bin/../lib/gcc/nios2-elf/4.1.2/../../../../nios2-elf/lib/mno-hw-mul\libc.a(lib_a-fclose.o)
                0x0008a160                _fclose_r
                0x0008a270                fclose
 .text          0x0008a284       0x74 c:/altera/13.0sp1/nios2eds/bin/gnu/h-i686-mingw32/bin/../lib/gcc/nios2-elf/4.1.2/../../../../nios2-elf/lib/mno-hw-mul\libc.a(lib_a-fstatr.o)
                0x0008a284                _fstat_r
 .text          0x0008a2f8        0x0 c:/altera/13.0sp1/nios2eds/bin/gnu/h-i686-mingw32/bin/../lib/gcc/nios2-elf/4.1.2/../../../../nios2-elf/lib/mno-hw-mul\libc.a(lib_a-int_errno.o)
 .text          0x0008a2f8       0x70 c:/altera/13.0sp1/nios2eds/bin/gnu/h-i686-mingw32/bin/../lib/gcc/nios2-elf/4.1.2/../../../../nios2-elf/lib/mno-hw-mul\libc.a(lib_a-isattyr.o)
                0x0008a2f8                _isatty_r
 .text          0x0008a368       0x78 c:/altera/13.0sp1/nios2eds/bin/gnu/h-i686-mingw32/bin/../lib/gcc/nios2-elf/4.1.2/../../../../nios2-elf/lib/mno-hw-mul\libc.a(lib_a-lseekr.o)
                0x0008a368                _lseek_r
 .text          0x0008a3e0       0x78 c:/altera/13.0sp1/nios2eds/bin/gnu/h-i686-mingw32/bin/../lib/gcc/nios2-elf/4.1.2/../../../../nios2-elf/lib/mno-hw-mul\libc.a(lib_a-readr.o)
                0x0008a3e0                _read_r
 .text          0x0008a458      0x66c c:/altera/13.0sp1/nios2eds/bin/gnu/h-i686-mingw32/bin/../lib/gcc/nios2-elf/4.1.2/mno-hw-mul\libgcc.a(_udivdi3.o)
                0x0008a458                __udivdi3
 .text          0x0008aac4      0x660 c:/altera/13.0sp1/nios2eds/bin/gnu/h-i686-mingw32/bin/../lib/gcc/nios2-elf/4.1.2/mno-hw-mul\libgcc.a(_umoddi3.o)
                0x0008aac4                __umoddi3
 .text          0x0008b124      0x504 c:/altera/13.0sp1/nios2eds/bin/gnu/h-i686-mingw32/bin/../lib/gcc/nios2-elf/4.1.2/mno-hw-mul\libgcc.a(_addsub_df.o)
                0x0008b534                __subdf3
                0x0008b5b4                __adddf3
 .text          0x0008b628       0x88 c:/altera/13.0sp1/nios2eds/bin/gnu/h-i686-mingw32/bin/../lib/gcc/nios2-elf/4.1.2/mno-hw-mul\libgcc.a(_eq_df.o)
                0x0008b628                __eqdf2
 .text          0x0008b6b0       0x88 c:/altera/13.0sp1/nios2eds/bin/gnu/h-i686-mingw32/bin/../lib/gcc/nios2-elf/4.1.2/mno-hw-mul\libgcc.a(_ne_df.o)
                0x0008b6b0                __nedf2
 .text          0x0008b738       0x88 c:/altera/13.0sp1/nios2eds/bin/gnu/h-i686-mingw32/bin/../lib/gcc/nios2-elf/4.1.2/mno-hw-mul\libgcc.a(_gt_df.o)
                0x0008b738                __gtdf2
 .text          0x0008b7c0       0x88 c:/altera/13.0sp1/nios2eds/bin/gnu/h-i686-mingw32/bin/../lib/gcc/nios2-elf/4.1.2/mno-hw-mul\libgcc.a(_ge_df.o)
                0x0008b7c0                __gedf2
 .text          0x0008b848       0x88 c:/altera/13.0sp1/nios2eds/bin/gnu/h-i686-mingw32/bin/../lib/gcc/nios2-elf/4.1.2/mno-hw-mul\libgcc.a(_lt_df.o)
                0x0008b848                __ltdf2
 .text          0x0008b8d0      0x194 c:/altera/13.0sp1/nios2eds/bin/gnu/h-i686-mingw32/bin/../lib/gcc/nios2-elf/4.1.2/mno-hw-mul\libgcc.a(_usi_to_df.o)
                0x0008b8d0                __floatunsidf
 .text          0x0008ba64       0xc8 c:/altera/13.0sp1/nios2eds/bin/gnu/h-i686-mingw32/bin/../lib/gcc/nios2-elf/4.1.2/mno-hw-mul\libgcc.a(_fpcmp_parts_df.o)
                0x0008ba64                __fpcmp_parts_d
 .text          0x0008bb2c      0x160 ../PenDuLum_bsp/\libucosii_bsp.a(alt_close.o)
                0x0008bb2c                close
 .text          0x0008bc8c       0x2c ../PenDuLum_bsp/\libucosii_bsp.a(alt_dev.o)
 .text          0x0008bcb8        0x0 ../PenDuLum_bsp/\libucosii_bsp.a(alt_errno.o)
 .text          0x0008bcb8      0x138 ../PenDuLum_bsp/\libucosii_bsp.a(alt_fstat.o)
                0x0008bcb8                fstat
 .text          0x0008bdf0      0x1c0 ../PenDuLum_bsp/\libucosii_bsp.a(alt_irq_register.o)
                0x0008bdf0                alt_irq_register
 .text          0x0008bfb0        0x0 ../PenDuLum_bsp/\libucosii_bsp.a(alt_irq_vars.o)
 .text          0x0008bfb0      0x124 ../PenDuLum_bsp/\libucosii_bsp.a(alt_isatty.o)
                0x0008bfb0                isatty
 .text          0x0008c0d4       0xec ../PenDuLum_bsp/\libucosii_bsp.a(alt_load.o)
                0x0008c0d4                alt_load
 .text          0x0008c1c0      0x154 ../PenDuLum_bsp/\libucosii_bsp.a(alt_lseek.o)
                0x0008c1c0                lseek
 .text          0x0008c314       0xc8 ../PenDuLum_bsp/\libucosii_bsp.a(alt_main.o)
                0x0008c314                alt_main
 .text          0x0008c3dc      0x184 ../PenDuLum_bsp/\libucosii_bsp.a(alt_read.o)
                0x0008c3dc                read
 .text          0x0008c560       0x78 ../PenDuLum_bsp/\libucosii_bsp.a(alt_release_fd.o)
                0x0008c560                alt_release_fd
 .text          0x0008c5d8       0xbc ../PenDuLum_bsp/\libucosii_bsp.a(alt_sbrk.o)
                0x0008c5d8                sbrk
 .text          0x0008c694      0x184 ../PenDuLum_bsp/\libucosii_bsp.a(alt_write.o)
                0x0008c694                write
 .text          0x0008c818      0x108 ../PenDuLum_bsp/\libucosii_bsp.a(alt_env_lock.o)
                0x0008c818                __env_lock
                0x0008c8c4                __env_unlock
 .text          0x0008c920      0x1d8 ../PenDuLum_bsp/\libucosii_bsp.a(alt_malloc_lock.o)
                0x0008c920                __malloc_lock
                0x0008ca28                __malloc_unlock
 .text          0x0008caf8     0x2128 ../PenDuLum_bsp/\libucosii_bsp.a(os_core.o)
                0x0008caf8                OSEventNameGet
                0x0008cc28                OSEventNameSet
                0x0008cd6c                OSEventPendMulti
                0x0008d420                OSInit
                0x0008d474                OSIntEnter
                0x0008d4f0                OSIntExit
                0x0008d5f0                OSSchedLock
                0x0008d67c                OSSchedUnlock
                0x0008d760                OSStart
                0x0008d7d0                OSStatInit
                0x0008d87c                OSTimeTick
                0x0008dabc                OSVersion
                0x0008dadc                OS_Dummy
                0x0008daf8                OS_EventTaskRdy
                0x0008dc8c                OS_EventTaskWait
                0x0008dd9c                OS_EventTaskWaitMulti
                0x0008def0                OS_EventTaskRemove
                0x0008dfa8                OS_EventTaskRemoveMulti
                0x0008e0ac                OS_EventWaitListInit
                0x0008e478                OS_MemClr
                0x0008e4cc                OS_MemCopy
                0x0008e538                OS_Sched
                0x0008e67c                OS_StrCopy
                0x0008e6fc                OS_StrLen
                0x0008e754                OS_TaskIdle
                0x0008e7b0                OS_TaskStat
                0x0008e878                OS_TaskStatStkChk
                0x0008e940                OS_TCBInit
 .text          0x0008ec20      0x18c ../PenDuLum_bsp/\libucosii_bsp.a(os_dbg.o)
                0x0008ec20                OSDebugInit
 .text          0x0008edac     0x193c ../PenDuLum_bsp/\libucosii_bsp.a(os_flag.o)
                0x0008edac                OSFlagAccept
                0x0008f0e0                OSFlagCreate
                0x0008f21c                OSFlagDel
                0x0008f4c4                OSFlagNameGet
                0x0008f608                OSFlagNameSet
                0x0008f75c                OSFlagPend
                0x0008fda0                OSFlagPendGetFlagsRdy
                0x0008fe08                OSFlagPost
                0x000901b0                OSFlagQuery
                0x00090448                OS_FlagInit
                0x0009063c                OS_FlagUnlink
 .text          0x000906e8      0x80c ../PenDuLum_bsp/\libucosii_bsp.a(os_mem.o)
                0x000906e8                OSMemCreate
                0x00090904                OSMemGet
                0x00090a08                OSMemNameGet
                0x00090b14                OSMemNameSet
                0x00090c34                OSMemPut
                0x00090d24                OSMemQuery
                0x00090e20                OS_MemInit
 .text          0x00090ef4     0x1334 ../PenDuLum_bsp/\libucosii_bsp.a(os_q.o)
                0x00090ef4                OSQAccept
                0x00091048                OSQCreate
                0x0009125c                OSQDel
                0x0009155c                OSQFlush
                0x00091624                OSQPend
                0x00091944                OSQPendAbort
                0x00091ac0                OSQPost
                0x00091c40                OSQPostFront
                0x00091dc8                OSQPostOpt
                0x00091ffc                OSQQuery
                0x0009217c                OS_QInit
 .text          0x00092228      0xbc8 ../PenDuLum_bsp/\libucosii_bsp.a(os_sem.o)
                0x00092228                OSSemAccept
                0x000922e8                OSSemCreate
                0x000923fc                OSSemDel
                0x0009269c                OSSemPend
                0x00092918                OSSemPendAbort
                0x00092a94                OSSemPost
                0x00092bbc                OSSemQuery
                0x00092cec                OSSemSet
 .text          0x00092df0     0x1a40 ../PenDuLum_bsp/\libucosii_bsp.a(os_task.o)
                0x00092df0                OSTaskChangePrio
                0x00093364                OSTaskCreate
                0x00093538                OSTaskCreateExt
                0x00093738                OSTaskDel
                0x00093b44                OSTaskDelReq
                0x00093cb4                OSTaskNameGet
                0x00093e6c                OSTaskNameSet
                0x00094030                OSTaskResume
                0x00094248                OSTaskStkChk
                0x00094444                OSTaskSuspend
                0x00094670                OSTaskQuery
                0x000947b4                OS_TaskStkClr
 .text          0x00094830      0x67c ../PenDuLum_bsp/\libucosii_bsp.a(os_time.o)
                0x00094830                OSTimeDly
                0x0009497c                OSTimeDlyHMSM
                0x00094bd4                OSTimeDlyResume
                0x00094de4                OSTimeGet
                0x00094e48                OSTimeSet
 .text          0x00094eac      0x14c ../PenDuLum_bsp/\libucosii_bsp.a(alt_sys_init.o)
                0x00094eac                alt_irq_init
                0x00094ee0                alt_sys_init
 .text          0x00094ff8      0x148 ../PenDuLum_bsp/\libucosii_bsp.a(altera_avalon_jtag_uart_fd.o)
                0x00094ff8                altera_avalon_jtag_uart_read_fd
                0x00095050                altera_avalon_jtag_uart_write_fd
                0x000950a8                altera_avalon_jtag_uart_close_fd
                0x000950f0                altera_avalon_jtag_uart_ioctl_fd
 .text          0x00095140      0x580 ../PenDuLum_bsp/\libucosii_bsp.a(altera_avalon_jtag_uart_init.o)
                0x00095140                altera_avalon_jtag_uart_init
                0x0009564c                altera_avalon_jtag_uart_close
 .text          0x000956c0       0xf4 ../PenDuLum_bsp/\libucosii_bsp.a(altera_avalon_jtag_uart_ioctl.o)
                0x000956c0                altera_avalon_jtag_uart_ioctl
 .text          0x000957b4      0x2c0 ../PenDuLum_bsp/\libucosii_bsp.a(altera_avalon_jtag_uart_read.o)
                0x000957b4                altera_avalon_jtag_uart_read
 .text          0x00095a74      0x2dc ../PenDuLum_bsp/\libucosii_bsp.a(altera_avalon_jtag_uart_write.o)
                0x00095a74                altera_avalon_jtag_uart_write
 .text          0x00095d50       0xfc ../PenDuLum_bsp/\libucosii_bsp.a(altera_avalon_timer_sc.o)
                0x00095dc4                alt_avalon_timer_sc_init
 .text          0x00095e4c       0x40 ../PenDuLum_bsp/\libucosii_bsp.a(altera_up_avalon_parallel_port.o)
                0x00095e4c                alt_up_parallel_port_open_dev
 .text          0x00095e8c      0x154 ../PenDuLum_bsp/\libucosii_bsp.a(alt_alarm_start.o)
                0x00095e8c                alt_alarm_start
 .text          0x00095fe0       0x1c ../PenDuLum_bsp/\libucosii_bsp.a(alt_dcache_flush_all.o)
                0x00095fe0                alt_dcache_flush_all
 .text          0x00095ffc      0x114 ../PenDuLum_bsp/\libucosii_bsp.a(alt_dev_llist_insert.o)
                0x00095ffc                alt_dev_llist_insert
 .text          0x00096110       0x64 ../PenDuLum_bsp/\libucosii_bsp.a(alt_do_ctors.o)
                0x00096110                _do_ctors
 .text          0x00096174       0x64 ../PenDuLum_bsp/\libucosii_bsp.a(alt_do_dtors.o)
                0x00096174                _do_dtors
 .text          0x000961d8       0x94 ../PenDuLum_bsp/\libucosii_bsp.a(alt_find_dev.o)
                0x000961d8                alt_find_dev
 .text          0x0009626c       0x1c ../PenDuLum_bsp/\libucosii_bsp.a(alt_icache_flush_all.o)
                0x0009626c                alt_icache_flush_all
 .text          0x00096288      0x150 ../PenDuLum_bsp/\libucosii_bsp.a(alt_io_redirect.o)
                0x00096360                alt_io_redirect
 .text          0x000963d8        0x0 ../PenDuLum_bsp/\libucosii_bsp.a(alt_irq_entry.o)
 .text          0x000963d8        0x0 ../PenDuLum_bsp/\libucosii_bsp.a(alt_irq_handler.o)
 .text          0x000963d8      0x2e4 ../PenDuLum_bsp/\libucosii_bsp.a(alt_open.o)
                0x000964d0                open
 .text          0x000966bc      0x1a8 ../PenDuLum_bsp/\libucosii_bsp.a(alt_tick.o)
                0x000966bc                alt_alarm_stop
                0x00096754                alt_tick
 .text          0x00096864       0x20 ../PenDuLum_bsp/\libucosii_bsp.a(altera_nios2_qsys_irq.o)
                0x00096864                altera_nios2_qsys_irq_init
 .text          0x00096884       0xd0 ../PenDuLum_bsp/\libucosii_bsp.a(os_cpu_a.o)
                0x00096884                OSCtxSw
                0x00096884                OSIntCtxSw
                0x00096910                OSStartHighRdy
                0x00096930                OSStartTsk
 .text          0x00096954      0x418 ../PenDuLum_bsp/\libucosii_bsp.a(os_cpu_c.o)
                0x00096954                OSTaskStkInit
                0x00096c64                OSTaskCreateHook
                0x00096c84                OSTaskDelHook
                0x00096ca4                OSTaskSwHook
                0x00096cc0                OSTaskStatHook
                0x00096cdc                OSTimeTickHook
                0x00096cf8                OSInitHookBegin
                0x00096d14                OSInitHookEnd
                0x00096d30                OSTaskIdleHook
                0x00096d4c                OSTCBInitHook
 .text          0x00096d6c        0x0 ../PenDuLum_bsp/\libucosii_bsp.a(alt_exception_entry.o)
 .text          0x00096d6c      0x120 ../PenDuLum_bsp/\libucosii_bsp.a(alt_find_file.o)
                0x00096d6c                alt_find_file
 .text          0x00096e8c      0x104 ../PenDuLum_bsp/\libucosii_bsp.a(alt_get_fd.o)
                0x00096e8c                alt_get_fd
 .text          0x00096f90       0x14 c:/altera/13.0sp1/nios2eds/bin/gnu/h-i686-mingw32/bin/../lib/gcc/nios2-elf/4.1.2/../../../../nios2-elf/lib/mno-hw-mul\libc.a(lib_a-atexit.o)
                0x00096f90                atexit
 .text          0x00096fa4       0x38 c:/altera/13.0sp1/nios2eds/bin/gnu/h-i686-mingw32/bin/../lib/gcc/nios2-elf/4.1.2/../../../../nios2-elf/lib/mno-hw-mul\libc.a(lib_a-exit.o)
                0x00096fa4                exit
 .text          0x00096fdc       0x74 c:/altera/13.0sp1/nios2eds/bin/gnu/h-i686-mingw32/bin/../lib/gcc/nios2-elf/4.1.2/../../../../nios2-elf/lib/mno-hw-mul\libc.a(lib_a-memcmp.o)
                0x00096fdc                memcmp
 .text          0x00097050      0x134 c:/altera/13.0sp1/nios2eds/bin/gnu/h-i686-mingw32/bin/../lib/gcc/nios2-elf/4.1.2/../../../../nios2-elf/lib/mno-hw-mul\libc.a(lib_a-__atexit.o)
                0x00097050                __register_exitproc
 .text          0x00097184      0x1b4 c:/altera/13.0sp1/nios2eds/bin/gnu/h-i686-mingw32/bin/../lib/gcc/nios2-elf/4.1.2/../../../../nios2-elf/lib/mno-hw-mul\libc.a(lib_a-__call_atexit.o)
                0x00097188                __call_exitprocs
 .text          0x00097338       0xa4 c:/altera/13.0sp1/nios2eds/bin/gnu/h-i686-mingw32/bin/../lib/gcc/nios2-elf/4.1.2/mno-hw-mul\libgcc.a(_fixunsdfsi.o)
                0x00097338                __fixunsdfsi
 .text          0x000973dc       0x6c ../PenDuLum_bsp/\libucosii_bsp.a(alt_exit.o)
                0x0009741c                _exit
 *(.gnu.warning.*)
 *(.fini)
                0x00097448                PROVIDE (__etext, ABSOLUTE (.))
                0x00097448                PROVIDE (_etext, ABSOLUTE (.))
                0x00097448                PROVIDE (etext, ABSOLUTE (.))
 *(.eh_frame_hdr)
                0x00097448                . = ALIGN (0x4)
                0x00097448                PROVIDE (__preinit_array_start, ABSOLUTE (.))
 *(.preinit_array)
                0x00097448                PROVIDE (__preinit_array_end, ABSOLUTE (.))
                0x00097448                PROVIDE (__init_array_start, ABSOLUTE (.))
 *(.init_array)
                0x00097448                PROVIDE (__init_array_end, ABSOLUTE (.))
                0x00097448                PROVIDE (__fini_array_start, ABSOLUTE (.))
 *(.fini_array)
                0x00097448                PROVIDE (__fini_array_end, ABSOLUTE (.))
 *(.eh_frame)
 *(.gcc_except_table)
 *(.dynamic)
                0x00097448                PROVIDE (__CTOR_LIST__, ABSOLUTE (.))
 *(.ctors)
 *(SORT(.ctors.*))
 .ctors.65535   0x00097448        0x4 c:/altera/13.0sp1/nios2eds/bin/gnu/h-i686-mingw32/bin/../lib/gcc/nios2-elf/4.1.2/../../../../nios2-elf/lib/mno-hw-mul\libc.a(lib_a-__call_atexit.o)
                0x0009744c                PROVIDE (__CTOR_END__, ABSOLUTE (.))
                0x0009744c                PROVIDE (__DTOR_LIST__, ABSOLUTE (.))
 *(.dtors)
 *(SORT(.dtors.*))
                0x0009744c                PROVIDE (__DTOR_END__, ABSOLUTE (.))
 *(.jcr)
                0x0009744c                . = ALIGN (0x4)

.rodata         0x0009744c      0xb30
                0x0009744c                PROVIDE (__ram_rodata_start, ABSOLUTE (.))
                0x0009744c                . = ALIGN (0x4)
 *(.rodata .rodata.* .gnu.linkonce.r.*)
 .rodata        0x0009744c      0x60c obj/default/hello_ucosii.o
 .rodata        0x00097a58       0x14 c:/altera/13.0sp1/nios2eds/bin/gnu/h-i686-mingw32/bin/../lib/gcc/nios2-elf/4.1.2/mno-hw-mul\libgcc.a(_thenan_df.o)
                0x00097a58                __thenan_df
 .rodata        0x00097a6c      0x100 c:/altera/13.0sp1/nios2eds/bin/gnu/h-i686-mingw32/bin/../lib/gcc/nios2-elf/4.1.2/mno-hw-mul\libgcc.a(_clz.o)
                0x00097a6c                __clz_tab
 .rodata.str1.4
                0x00097b6c        0x2 c:/altera/13.0sp1/nios2eds/bin/gnu/h-i686-mingw32/bin/../lib/gcc/nios2-elf/4.1.2/../../../../nios2-elf/lib/mno-hw-mul\libc.a(lib_a-puts.o)
                                  0x4 (size before relaxing)
 *fill*         0x00097b6e        0x2 00
 .rodata.str1.4
                0x00097b70       0x5e c:/altera/13.0sp1/nios2eds/bin/gnu/h-i686-mingw32/bin/../lib/gcc/nios2-elf/4.1.2/../../../../nios2-elf/lib/mno-hw-mul\libc.a(lib_a-vfprintf.o)
                                 0x60 (size before relaxing)
 .rodata        0x00097bce       0x20 c:/altera/13.0sp1/nios2eds/bin/gnu/h-i686-mingw32/bin/../lib/gcc/nios2-elf/4.1.2/../../../../nios2-elf/lib/mno-hw-mul\libc.a(lib_a-vfprintf.o)
 *fill*         0x00097bee        0x2 00
 .rodata.str1.4
                0x00097bf0       0x10 c:/altera/13.0sp1/nios2eds/bin/gnu/h-i686-mingw32/bin/../lib/gcc/nios2-elf/4.1.2/../../../../nios2-elf/lib/mno-hw-mul\libc.a(lib_a-dtoa.o)
                                 0x14 (size before relaxing)
 .rodata.str1.4
                0x00097c00        0x2 c:/altera/13.0sp1/nios2eds/bin/gnu/h-i686-mingw32/bin/../lib/gcc/nios2-elf/4.1.2/../../../../nios2-elf/lib/mno-hw-mul\libc.a(lib_a-impure.o)
                                  0x4 (size before relaxing)
 *fill*         0x00097c02        0x2 00
 .rodata.str1.4
                0x00097c04       0x10 c:/altera/13.0sp1/nios2eds/bin/gnu/h-i686-mingw32/bin/../lib/gcc/nios2-elf/4.1.2/../../../../nios2-elf/lib/mno-hw-mul\libc.a(lib_a-locale.o)
                                 0x18 (size before relaxing)
 .rodata        0x00097c14       0x30 c:/altera/13.0sp1/nios2eds/bin/gnu/h-i686-mingw32/bin/../lib/gcc/nios2-elf/4.1.2/../../../../nios2-elf/lib/mno-hw-mul\libc.a(lib_a-locale.o)
 .rodata        0x00097c44      0x124 c:/altera/13.0sp1/nios2eds/bin/gnu/h-i686-mingw32/bin/../lib/gcc/nios2-elf/4.1.2/../../../../nios2-elf/lib/mno-hw-mul\libc.a(lib_a-mprec.o)
                0x00097c44                __mprec_tens
                0x00097d0c                __mprec_bigtens
                0x00097d34                __mprec_tinytens
 .rodata        0x00097d68        0xc ../PenDuLum_bsp/\libucosii_bsp.a(alt_dev.o)
 .rodata        0x00097d74       0x14 ../PenDuLum_bsp/\libucosii_bsp.a(alt_main.o)
 .rodata        0x00097d88      0x120 ../PenDuLum_bsp/\libucosii_bsp.a(os_core.o)
                0x00097d88                OSUnMapTbl
 .rodata        0x00097ea8       0xd0 ../PenDuLum_bsp/\libucosii_bsp.a(alt_sys_init.o)
 .rodata        0x00097f78        0x4 ../PenDuLum_bsp/\libucosii_bsp.a(os_cpu_c.o)
 *(.rodata1)
                0x00097f7c                . = ALIGN (0x4)
                0x00097f7c                PROVIDE (__ram_rodata_end, ABSOLUTE (.))
                0x0009744c                PROVIDE (__flash_rodata_start, LOADADDR (.rodata))

.rwdata         0x00097f7c     0x1cd0 load address 0x00099c4c
                0x00097f7c                PROVIDE (__ram_rwdata_start, ABSOLUTE (.))
                0x00097f7c                . = ALIGN (0x4)
 *(.got.plt)
 *(.got)
 *(.data1)
 *(.data .data.* .gnu.linkonce.d.*)
 .data          0x00097f7c        0x0 ../PenDuLum_bsp//obj/HAL/src/crt0.o
 .data          0x00097f7c        0x0 obj/default/hello_ucosii.o
 .data          0x00097f7c        0x0 c:/altera/13.0sp1/nios2eds/bin/gnu/h-i686-mingw32/bin/../lib/gcc/nios2-elf/4.1.2/mno-hw-mul\libgcc.a(_mul_df.o)
 .data          0x00097f7c        0x0 c:/altera/13.0sp1/nios2eds/bin/gnu/h-i686-mingw32/bin/../lib/gcc/nios2-elf/4.1.2/mno-hw-mul\libgcc.a(_div_df.o)
 .data          0x00097f7c        0x0 c:/altera/13.0sp1/nios2eds/bin/gnu/h-i686-mingw32/bin/../lib/gcc/nios2-elf/4.1.2/mno-hw-mul\libgcc.a(_si_to_df.o)
 .data          0x00097f7c        0x0 c:/altera/13.0sp1/nios2eds/bin/gnu/h-i686-mingw32/bin/../lib/gcc/nios2-elf/4.1.2/mno-hw-mul\libgcc.a(_df_to_si.o)
 .data          0x00097f7c        0x0 c:/altera/13.0sp1/nios2eds/bin/gnu/h-i686-mingw32/bin/../lib/gcc/nios2-elf/4.1.2/mno-hw-mul\libgcc.a(_thenan_df.o)
 .data          0x00097f7c        0x0 c:/altera/13.0sp1/nios2eds/bin/gnu/h-i686-mingw32/bin/../lib/gcc/nios2-elf/4.1.2/mno-hw-mul\libgcc.a(lib2-divmod.o)
 .data          0x00097f7c        0x0 c:/altera/13.0sp1/nios2eds/bin/gnu/h-i686-mingw32/bin/../lib/gcc/nios2-elf/4.1.2/mno-hw-mul\libgcc.a(lib2-mul.o)
 .data          0x00097f7c        0x0 c:/altera/13.0sp1/nios2eds/bin/gnu/h-i686-mingw32/bin/../lib/gcc/nios2-elf/4.1.2/mno-hw-mul\libgcc.a(_muldi3.o)
 .data          0x00097f7c        0x0 c:/altera/13.0sp1/nios2eds/bin/gnu/h-i686-mingw32/bin/../lib/gcc/nios2-elf/4.1.2/mno-hw-mul\libgcc.a(_clzsi2.o)
 .data          0x00097f7c        0x0 c:/altera/13.0sp1/nios2eds/bin/gnu/h-i686-mingw32/bin/../lib/gcc/nios2-elf/4.1.2/mno-hw-mul\libgcc.a(_pack_df.o)
 .data          0x00097f7c        0x0 c:/altera/13.0sp1/nios2eds/bin/gnu/h-i686-mingw32/bin/../lib/gcc/nios2-elf/4.1.2/mno-hw-mul\libgcc.a(_unpack_df.o)
 .data          0x00097f7c        0x0 c:/altera/13.0sp1/nios2eds/bin/gnu/h-i686-mingw32/bin/../lib/gcc/nios2-elf/4.1.2/mno-hw-mul\libgcc.a(_clz.o)
 .data          0x00097f7c        0x0 c:/altera/13.0sp1/nios2eds/bin/gnu/h-i686-mingw32/bin/../lib/gcc/nios2-elf/4.1.2/../../../../nios2-elf/lib/mno-hw-mul\libc.a(lib_a-printf.o)
 .data          0x00097f7c        0x0 c:/altera/13.0sp1/nios2eds/bin/gnu/h-i686-mingw32/bin/../lib/gcc/nios2-elf/4.1.2/../../../../nios2-elf/lib/mno-hw-mul\libc.a(lib_a-putchar.o)
 .data          0x00097f7c        0x0 c:/altera/13.0sp1/nios2eds/bin/gnu/h-i686-mingw32/bin/../lib/gcc/nios2-elf/4.1.2/../../../../nios2-elf/lib/mno-hw-mul\libc.a(lib_a-puts.o)
 .data          0x00097f7c        0x0 c:/altera/13.0sp1/nios2eds/bin/gnu/h-i686-mingw32/bin/../lib/gcc/nios2-elf/4.1.2/../../../../nios2-elf/lib/mno-hw-mul\libc.a(lib_a-strlen.o)
 .data          0x00097f7c        0x0 c:/altera/13.0sp1/nios2eds/bin/gnu/h-i686-mingw32/bin/../lib/gcc/nios2-elf/4.1.2/../../../../nios2-elf/lib/mno-hw-mul\libc.a(lib_a-vfprintf.o)
 .data          0x00097f7c        0x0 c:/altera/13.0sp1/nios2eds/bin/gnu/h-i686-mingw32/bin/../lib/gcc/nios2-elf/4.1.2/../../../../nios2-elf/lib/mno-hw-mul\libc.a(lib_a-wsetup.o)
 .data          0x00097f7c        0x0 c:/altera/13.0sp1/nios2eds/bin/gnu/h-i686-mingw32/bin/../lib/gcc/nios2-elf/4.1.2/../../../../nios2-elf/lib/mno-hw-mul\libc.a(lib_a-dtoa.o)
 .data          0x00097f7c        0x0 c:/altera/13.0sp1/nios2eds/bin/gnu/h-i686-mingw32/bin/../lib/gcc/nios2-elf/4.1.2/../../../../nios2-elf/lib/mno-hw-mul\libc.a(lib_a-fflush.o)
 .data          0x00097f7c        0x0 c:/altera/13.0sp1/nios2eds/bin/gnu/h-i686-mingw32/bin/../lib/gcc/nios2-elf/4.1.2/../../../../nios2-elf/lib/mno-hw-mul\libc.a(lib_a-findfp.o)
 .data          0x00097f7c        0x0 c:/altera/13.0sp1/nios2eds/bin/gnu/h-i686-mingw32/bin/../lib/gcc/nios2-elf/4.1.2/../../../../nios2-elf/lib/mno-hw-mul\libc.a(lib_a-freer.o)
 .data          0x00097f7c        0x0 c:/altera/13.0sp1/nios2eds/bin/gnu/h-i686-mingw32/bin/../lib/gcc/nios2-elf/4.1.2/../../../../nios2-elf/lib/mno-hw-mul\libc.a(lib_a-fvwrite.o)
 .data          0x00097f7c        0x0 c:/altera/13.0sp1/nios2eds/bin/gnu/h-i686-mingw32/bin/../lib/gcc/nios2-elf/4.1.2/../../../../nios2-elf/lib/mno-hw-mul\libc.a(lib_a-fwalk.o)
 .data          0x00097f7c      0x400 c:/altera/13.0sp1/nios2eds/bin/gnu/h-i686-mingw32/bin/../lib/gcc/nios2-elf/4.1.2/../../../../nios2-elf/lib/mno-hw-mul\libc.a(lib_a-impure.o)
 .data          0x0009837c        0xc c:/altera/13.0sp1/nios2eds/bin/gnu/h-i686-mingw32/bin/../lib/gcc/nios2-elf/4.1.2/../../../../nios2-elf/lib/mno-hw-mul\libc.a(lib_a-locale.o)
                0x0009837c                __lc_ctype
 .data          0x00098388        0x0 c:/altera/13.0sp1/nios2eds/bin/gnu/h-i686-mingw32/bin/../lib/gcc/nios2-elf/4.1.2/../../../../nios2-elf/lib/mno-hw-mul\libc.a(lib_a-makebuf.o)
 .data          0x00098388      0x408 c:/altera/13.0sp1/nios2eds/bin/gnu/h-i686-mingw32/bin/../lib/gcc/nios2-elf/4.1.2/../../../../nios2-elf/lib/mno-hw-mul\libc.a(lib_a-mallocr.o)
                0x00098388                __malloc_av_
 .data          0x00098790        0x0 c:/altera/13.0sp1/nios2eds/bin/gnu/h-i686-mingw32/bin/../lib/gcc/nios2-elf/4.1.2/../../../../nios2-elf/lib/mno-hw-mul\libc.a(lib_a-memchr.o)
 .data          0x00098790        0x0 c:/altera/13.0sp1/nios2eds/bin/gnu/h-i686-mingw32/bin/../lib/gcc/nios2-elf/4.1.2/../../../../nios2-elf/lib/mno-hw-mul\libc.a(lib_a-memcpy.o)
 .data          0x00098790        0x0 c:/altera/13.0sp1/nios2eds/bin/gnu/h-i686-mingw32/bin/../lib/gcc/nios2-elf/4.1.2/../../../../nios2-elf/lib/mno-hw-mul\libc.a(lib_a-memmove.o)
 .data          0x00098790        0x0 c:/altera/13.0sp1/nios2eds/bin/gnu/h-i686-mingw32/bin/../lib/gcc/nios2-elf/4.1.2/../../../../nios2-elf/lib/mno-hw-mul\libc.a(lib_a-memset.o)
 .data          0x00098790        0x0 c:/altera/13.0sp1/nios2eds/bin/gnu/h-i686-mingw32/bin/../lib/gcc/nios2-elf/4.1.2/../../../../nios2-elf/lib/mno-hw-mul\libc.a(lib_a-mprec.o)
 .data          0x00098790        0x0 c:/altera/13.0sp1/nios2eds/bin/gnu/h-i686-mingw32/bin/../lib/gcc/nios2-elf/4.1.2/../../../../nios2-elf/lib/mno-hw-mul\libc.a(lib_a-putc.o)
 .data          0x00098790        0x0 c:/altera/13.0sp1/nios2eds/bin/gnu/h-i686-mingw32/bin/../lib/gcc/nios2-elf/4.1.2/../../../../nios2-elf/lib/mno-hw-mul\libc.a(lib_a-reallocr.o)
 .data          0x00098790        0x0 c:/altera/13.0sp1/nios2eds/bin/gnu/h-i686-mingw32/bin/../lib/gcc/nios2-elf/4.1.2/../../../../nios2-elf/lib/mno-hw-mul\libc.a(lib_a-s_isinfd.o)
 .data          0x00098790        0x0 c:/altera/13.0sp1/nios2eds/bin/gnu/h-i686-mingw32/bin/../lib/gcc/nios2-elf/4.1.2/../../../../nios2-elf/lib/mno-hw-mul\libc.a(lib_a-s_isnand.o)
 .data          0x00098790        0x0 c:/altera/13.0sp1/nios2eds/bin/gnu/h-i686-mingw32/bin/../lib/gcc/nios2-elf/4.1.2/../../../../nios2-elf/lib/mno-hw-mul\libc.a(lib_a-sbrkr.o)
 .data          0x00098790        0x0 c:/altera/13.0sp1/nios2eds/bin/gnu/h-i686-mingw32/bin/../lib/gcc/nios2-elf/4.1.2/../../../../nios2-elf/lib/mno-hw-mul\libc.a(lib_a-stdio.o)
 .data          0x00098790        0x0 c:/altera/13.0sp1/nios2eds/bin/gnu/h-i686-mingw32/bin/../lib/gcc/nios2-elf/4.1.2/../../../../nios2-elf/lib/mno-hw-mul\libc.a(lib_a-strcmp.o)
 .data          0x00098790        0x0 c:/altera/13.0sp1/nios2eds/bin/gnu/h-i686-mingw32/bin/../lib/gcc/nios2-elf/4.1.2/../../../../nios2-elf/lib/mno-hw-mul\libc.a(lib_a-wbuf.o)
 .data          0x00098790        0x0 c:/altera/13.0sp1/nios2eds/bin/gnu/h-i686-mingw32/bin/../lib/gcc/nios2-elf/4.1.2/../../../../nios2-elf/lib/mno-hw-mul\libc.a(lib_a-writer.o)
 .data          0x00098790        0x0 c:/altera/13.0sp1/nios2eds/bin/gnu/h-i686-mingw32/bin/../lib/gcc/nios2-elf/4.1.2/../../../../nios2-elf/lib/mno-hw-mul\libc.a(lib_a-callocr.o)
 .data          0x00098790        0x0 c:/altera/13.0sp1/nios2eds/bin/gnu/h-i686-mingw32/bin/../lib/gcc/nios2-elf/4.1.2/../../../../nios2-elf/lib/mno-hw-mul\libc.a(lib_a-closer.o)
 .data          0x00098790        0x0 c:/altera/13.0sp1/nios2eds/bin/gnu/h-i686-mingw32/bin/../lib/gcc/nios2-elf/4.1.2/../../../../nios2-elf/lib/mno-hw-mul\libc.a(lib_a-fclose.o)
 .data          0x00098790        0x0 c:/altera/13.0sp1/nios2eds/bin/gnu/h-i686-mingw32/bin/../lib/gcc/nios2-elf/4.1.2/../../../../nios2-elf/lib/mno-hw-mul\libc.a(lib_a-fstatr.o)
 .data          0x00098790        0x0 c:/altera/13.0sp1/nios2eds/bin/gnu/h-i686-mingw32/bin/../lib/gcc/nios2-elf/4.1.2/../../../../nios2-elf/lib/mno-hw-mul\libc.a(lib_a-int_errno.o)
 .data          0x00098790        0x0 c:/altera/13.0sp1/nios2eds/bin/gnu/h-i686-mingw32/bin/../lib/gcc/nios2-elf/4.1.2/../../../../nios2-elf/lib/mno-hw-mul\libc.a(lib_a-isattyr.o)
 .data          0x00098790        0x0 c:/altera/13.0sp1/nios2eds/bin/gnu/h-i686-mingw32/bin/../lib/gcc/nios2-elf/4.1.2/../../../../nios2-elf/lib/mno-hw-mul\libc.a(lib_a-lseekr.o)
 .data          0x00098790        0x0 c:/altera/13.0sp1/nios2eds/bin/gnu/h-i686-mingw32/bin/../lib/gcc/nios2-elf/4.1.2/../../../../nios2-elf/lib/mno-hw-mul\libc.a(lib_a-readr.o)
 .data          0x00098790        0x0 c:/altera/13.0sp1/nios2eds/bin/gnu/h-i686-mingw32/bin/../lib/gcc/nios2-elf/4.1.2/mno-hw-mul\libgcc.a(_udivdi3.o)
 .data          0x00098790        0x0 c:/altera/13.0sp1/nios2eds/bin/gnu/h-i686-mingw32/bin/../lib/gcc/nios2-elf/4.1.2/mno-hw-mul\libgcc.a(_umoddi3.o)
 .data          0x00098790        0x0 c:/altera/13.0sp1/nios2eds/bin/gnu/h-i686-mingw32/bin/../lib/gcc/nios2-elf/4.1.2/mno-hw-mul\libgcc.a(_addsub_df.o)
 .data          0x00098790        0x0 c:/altera/13.0sp1/nios2eds/bin/gnu/h-i686-mingw32/bin/../lib/gcc/nios2-elf/4.1.2/mno-hw-mul\libgcc.a(_eq_df.o)
 .data          0x00098790        0x0 c:/altera/13.0sp1/nios2eds/bin/gnu/h-i686-mingw32/bin/../lib/gcc/nios2-elf/4.1.2/mno-hw-mul\libgcc.a(_ne_df.o)
 .data          0x00098790        0x0 c:/altera/13.0sp1/nios2eds/bin/gnu/h-i686-mingw32/bin/../lib/gcc/nios2-elf/4.1.2/mno-hw-mul\libgcc.a(_gt_df.o)
 .data          0x00098790        0x0 c:/altera/13.0sp1/nios2eds/bin/gnu/h-i686-mingw32/bin/../lib/gcc/nios2-elf/4.1.2/mno-hw-mul\libgcc.a(_ge_df.o)
 .data          0x00098790        0x0 c:/altera/13.0sp1/nios2eds/bin/gnu/h-i686-mingw32/bin/../lib/gcc/nios2-elf/4.1.2/mno-hw-mul\libgcc.a(_lt_df.o)
 .data          0x00098790        0x0 c:/altera/13.0sp1/nios2eds/bin/gnu/h-i686-mingw32/bin/../lib/gcc/nios2-elf/4.1.2/mno-hw-mul\libgcc.a(_usi_to_df.o)
 .data          0x00098790        0x0 c:/altera/13.0sp1/nios2eds/bin/gnu/h-i686-mingw32/bin/../lib/gcc/nios2-elf/4.1.2/mno-hw-mul\libgcc.a(_fpcmp_parts_df.o)
 .data          0x00098790        0x0 ../PenDuLum_bsp/\libucosii_bsp.a(alt_close.o)
 .data          0x00098790      0x1a8 ../PenDuLum_bsp/\libucosii_bsp.a(alt_dev.o)
                0x00098790                alt_dev_null
                0x000987b8                alt_fd_list
 .data          0x00098938        0x0 ../PenDuLum_bsp/\libucosii_bsp.a(alt_errno.o)
 .data          0x00098938        0x0 ../PenDuLum_bsp/\libucosii_bsp.a(alt_fstat.o)
 .data          0x00098938        0x0 ../PenDuLum_bsp/\libucosii_bsp.a(alt_irq_register.o)
 .data          0x00098938        0x0 ../PenDuLum_bsp/\libucosii_bsp.a(alt_irq_vars.o)
 .data          0x00098938        0x0 ../PenDuLum_bsp/\libucosii_bsp.a(alt_isatty.o)
 .data          0x00098938        0x0 ../PenDuLum_bsp/\libucosii_bsp.a(alt_load.o)
 .data          0x00098938        0x0 ../PenDuLum_bsp/\libucosii_bsp.a(alt_lseek.o)
 .data          0x00098938        0x0 ../PenDuLum_bsp/\libucosii_bsp.a(alt_main.o)
 .data          0x00098938        0x0 ../PenDuLum_bsp/\libucosii_bsp.a(alt_read.o)
 .data          0x00098938        0x0 ../PenDuLum_bsp/\libucosii_bsp.a(alt_release_fd.o)
 .data          0x00098938        0x0 ../PenDuLum_bsp/\libucosii_bsp.a(alt_sbrk.o)
 .data          0x00098938        0x0 ../PenDuLum_bsp/\libucosii_bsp.a(alt_write.o)
 .data          0x00098938        0x0 ../PenDuLum_bsp/\libucosii_bsp.a(alt_env_lock.o)
 .data          0x00098938        0x0 ../PenDuLum_bsp/\libucosii_bsp.a(alt_malloc_lock.o)
 .data          0x00098938        0x0 ../PenDuLum_bsp/\libucosii_bsp.a(os_core.o)
 .data          0x00098938        0x0 ../PenDuLum_bsp/\libucosii_bsp.a(os_dbg.o)
 .data          0x00098938        0x0 ../PenDuLum_bsp/\libucosii_bsp.a(os_flag.o)
 .data          0x00098938        0x0 ../PenDuLum_bsp/\libucosii_bsp.a(os_mem.o)
 .data          0x00098938        0x0 ../PenDuLum_bsp/\libucosii_bsp.a(os_q.o)
 .data          0x00098938        0x0 ../PenDuLum_bsp/\libucosii_bsp.a(os_sem.o)
 .data          0x00098938        0x0 ../PenDuLum_bsp/\libucosii_bsp.a(os_task.o)
 .data          0x00098938        0x0 ../PenDuLum_bsp/\libucosii_bsp.a(os_time.o)
 .data          0x00098938     0x1250 ../PenDuLum_bsp/\libucosii_bsp.a(alt_sys_init.o)
 .data          0x00099b88        0x0 ../PenDuLum_bsp/\libucosii_bsp.a(altera_avalon_jtag_uart_fd.o)
 .data          0x00099b88        0x0 ../PenDuLum_bsp/\libucosii_bsp.a(altera_avalon_jtag_uart_init.o)
 .data          0x00099b88        0x0 ../PenDuLum_bsp/\libucosii_bsp.a(altera_avalon_jtag_uart_ioctl.o)
 .data          0x00099b88        0x0 ../PenDuLum_bsp/\libucosii_bsp.a(altera_avalon_jtag_uart_read.o)
 .data          0x00099b88        0x0 ../PenDuLum_bsp/\libucosii_bsp.a(altera_avalon_jtag_uart_write.o)
 .data          0x00099b88        0x0 ../PenDuLum_bsp/\libucosii_bsp.a(altera_avalon_timer_sc.o)
 .data          0x00099b88        0x0 ../PenDuLum_bsp/\libucosii_bsp.a(altera_up_avalon_parallel_port.o)
 .data          0x00099b88        0x0 ../PenDuLum_bsp/\libucosii_bsp.a(alt_alarm_start.o)
 .data          0x00099b88        0x0 ../PenDuLum_bsp/\libucosii_bsp.a(alt_dcache_flush_all.o)
 .data          0x00099b88        0x0 ../PenDuLum_bsp/\libucosii_bsp.a(alt_dev_llist_insert.o)
 .data          0x00099b88        0x0 ../PenDuLum_bsp/\libucosii_bsp.a(alt_do_ctors.o)
 .data          0x00099b88        0x0 ../PenDuLum_bsp/\libucosii_bsp.a(alt_do_dtors.o)
 .data          0x00099b88        0x0 ../PenDuLum_bsp/\libucosii_bsp.a(alt_find_dev.o)
 .data          0x00099b88        0x0 ../PenDuLum_bsp/\libucosii_bsp.a(alt_icache_flush_all.o)
 .data          0x00099b88        0x0 ../PenDuLum_bsp/\libucosii_bsp.a(alt_io_redirect.o)
 .data          0x00099b88        0x0 ../PenDuLum_bsp/\libucosii_bsp.a(alt_irq_entry.o)
 .data          0x00099b88        0x0 ../PenDuLum_bsp/\libucosii_bsp.a(alt_irq_handler.o)
 .data          0x00099b88        0x0 ../PenDuLum_bsp/\libucosii_bsp.a(alt_open.o)
 .data          0x00099b88        0x0 ../PenDuLum_bsp/\libucosii_bsp.a(alt_tick.o)
 .data          0x00099b88        0x0 ../PenDuLum_bsp/\libucosii_bsp.a(altera_nios2_qsys_irq.o)
 .data          0x00099b88        0x0 ../PenDuLum_bsp/\libucosii_bsp.a(os_cpu_a.o)
 .data          0x00099b88        0x0 ../PenDuLum_bsp/\libucosii_bsp.a(os_cpu_c.o)
 .data          0x00099b88        0x0 ../PenDuLum_bsp/\libucosii_bsp.a(alt_exception_entry.o)
 .data          0x00099b88        0x0 ../PenDuLum_bsp/\libucosii_bsp.a(alt_find_file.o)
 .data          0x00099b88        0x0 ../PenDuLum_bsp/\libucosii_bsp.a(alt_get_fd.o)
 .data          0x00099b88        0x0 c:/altera/13.0sp1/nios2eds/bin/gnu/h-i686-mingw32/bin/../lib/gcc/nios2-elf/4.1.2/../../../../nios2-elf/lib/mno-hw-mul\libc.a(lib_a-atexit.o)
 .data          0x00099b88        0x0 c:/altera/13.0sp1/nios2eds/bin/gnu/h-i686-mingw32/bin/../lib/gcc/nios2-elf/4.1.2/../../../../nios2-elf/lib/mno-hw-mul\libc.a(lib_a-exit.o)
 .data          0x00099b88        0x0 c:/altera/13.0sp1/nios2eds/bin/gnu/h-i686-mingw32/bin/../lib/gcc/nios2-elf/4.1.2/../../../../nios2-elf/lib/mno-hw-mul\libc.a(lib_a-memcmp.o)
 .data          0x00099b88        0x0 c:/altera/13.0sp1/nios2eds/bin/gnu/h-i686-mingw32/bin/../lib/gcc/nios2-elf/4.1.2/../../../../nios2-elf/lib/mno-hw-mul\libc.a(lib_a-__atexit.o)
 .data          0x00099b88        0x0 c:/altera/13.0sp1/nios2eds/bin/gnu/h-i686-mingw32/bin/../lib/gcc/nios2-elf/4.1.2/../../../../nios2-elf/lib/mno-hw-mul\libc.a(lib_a-__call_atexit.o)
 .data          0x00099b88        0x0 c:/altera/13.0sp1/nios2eds/bin/gnu/h-i686-mingw32/bin/../lib/gcc/nios2-elf/4.1.2/mno-hw-mul\libgcc.a(_fixunsdfsi.o)
 .data          0x00099b88        0x0 ../PenDuLum_bsp/\libucosii_bsp.a(alt_exit.o)
                0x000a1b88                _gp = ABSOLUTE ((. + 0x8000))
                0x000a1b88                PROVIDE (gp, _gp)
 *(.rwdata .rwdata.*)
 *(.sdata .sdata.* .gnu.linkonce.s.*)
 .sdata         0x00099b88        0x8 obj/default/hello_ucosii.o
                0x00099b88                PERIOD_MAX
                0x00099b8c                ledgstat
 .sdata         0x00099b90        0x8 c:/altera/13.0sp1/nios2eds/bin/gnu/h-i686-mingw32/bin/../lib/gcc/nios2-elf/4.1.2/../../../../nios2-elf/lib/mno-hw-mul\libc.a(lib_a-impure.o)
                0x00099b90                _impure_ptr
                0x00099b94                _global_impure_ptr
 .sdata         0x00099b98        0x8 c:/altera/13.0sp1/nios2eds/bin/gnu/h-i686-mingw32/bin/../lib/gcc/nios2-elf/4.1.2/../../../../nios2-elf/lib/mno-hw-mul\libc.a(lib_a-locale.o)
                0x00099b98                __mb_cur_max
 .sdata         0x00099ba0        0x8 c:/altera/13.0sp1/nios2eds/bin/gnu/h-i686-mingw32/bin/../lib/gcc/nios2-elf/4.1.2/../../../../nios2-elf/lib/mno-hw-mul\libc.a(lib_a-mallocr.o)
                0x00099ba0                __malloc_trim_threshold
                0x00099ba4                __malloc_sbrk_base
 .sdata         0x00099ba8       0x14 ../PenDuLum_bsp/\libucosii_bsp.a(alt_dev.o)
                0x00099ba8                alt_fs_list
                0x00099bb0                alt_dev_list
                0x00099bb8                alt_max_fd
 .sdata         0x00099bbc        0x4 ../PenDuLum_bsp/\libucosii_bsp.a(alt_errno.o)
                0x00099bbc                alt_errno
 .sdata         0x00099bc0        0x4 ../PenDuLum_bsp/\libucosii_bsp.a(alt_irq_vars.o)
                0x00099bc0                alt_priority_mask
 .sdata         0x00099bc4        0x4 ../PenDuLum_bsp/\libucosii_bsp.a(alt_sbrk.o)
 .sdata         0x00099bc8        0x4 ../PenDuLum_bsp/\libucosii_bsp.a(alt_env_lock.o)
 .sdata         0x00099bcc        0x4 ../PenDuLum_bsp/\libucosii_bsp.a(alt_malloc_lock.o)
 .sdata         0x00099bd0       0x74 ../PenDuLum_bsp/\libucosii_bsp.a(os_dbg.o)
                0x00099bd0                OSDebugEn
                0x00099bd4                OSEndiannessTest
                0x00099bd8                OSEventEn
                0x00099bda                OSEventMax
                0x00099bdc                OSEventNameSize
                0x00099bde                OSEventSize
                0x00099be0                OSEventTblSize
                0x00099be2                OSEventMultiEn
                0x00099be4                OSFlagEn
                0x00099be6                OSFlagGrpSize
                0x00099be8                OSFlagNodeSize
                0x00099bea                OSFlagWidth
                0x00099bec                OSFlagMax
                0x00099bee                OSFlagNameSize
                0x00099bf0                OSLowestPrio
                0x00099bf2                OSMboxEn
                0x00099bf4                OSMemEn
                0x00099bf6                OSMemMax
                0x00099bf8                OSMemNameSize
                0x00099bfa                OSMemSize
                0x00099bfc                OSMemTblSize
                0x00099bfe                OSMutexEn
                0x00099c00                OSPtrSize
                0x00099c02                OSQEn
                0x00099c04                OSQMax
                0x00099c06                OSQSize
                0x00099c08                OSRdyTblSize
                0x00099c0a                OSSemEn
                0x00099c0c                OSStkWidth
                0x00099c0e                OSTaskCreateEn
                0x00099c10                OSTaskCreateExtEn
                0x00099c12                OSTaskDelEn
                0x00099c14                OSTaskIdleStkSize
                0x00099c16                OSTaskProfileEn
                0x00099c18                OSTaskMax
                0x00099c1a                OSTaskNameSize
                0x00099c1c                OSTaskStatEn
                0x00099c1e                OSTaskStatStkSize
                0x00099c20                OSTaskStatStkChkEn
                0x00099c22                OSTaskSwHookEn
                0x00099c24                OSTCBPrioTblMax
                0x00099c26                OSTCBSize
                0x00099c28                OSTicksPerSec
                0x00099c2a                OSTimeTickHookEn
                0x00099c2c                OSVersionNbr
                0x00099c2e                OSTmrEn
                0x00099c30                OSTmrCfgMax
                0x00099c32                OSTmrCfgNameSize
                0x00099c34                OSTmrCfgWheelSize
                0x00099c36                OSTmrCfgTicksPerSec
                0x00099c38                OSTmrSize
                0x00099c3a                OSTmrTblSize
                0x00099c3c                OSTmrWheelSize
                0x00099c3e                OSTmrWheelTblSize
                0x00099c40                OSDataSize
 .sdata         0x00099c44        0x8 ../PenDuLum_bsp/\libucosii_bsp.a(alt_tick.o)
                0x00099c44                alt_alarm_list
 *(.sdata2 .sdata2.* .gnu.linkonce.s2.*)
                0x00099c4c                . = ALIGN (0x4)
                0x00099c4c                _edata = ABSOLUTE (.)
                0x00099c4c                PROVIDE (edata, ABSOLUTE (.))
                0x00099c4c                PROVIDE (__ram_rwdata_end, ABSOLUTE (.))
                0x00099c4c                PROVIDE (__flash_rwdata_start, LOADADDR (.rwdata))

.bss            0x0009b91c    0x16540
                0x0009b91c                __bss_start = ABSOLUTE (.)
                0x0009b91c                PROVIDE (__sbss_start, ABSOLUTE (.))
                0x0009b91c                PROVIDE (___sbss_start, ABSOLUTE (.))
 *(.dynsbss)
 *(.sbss .sbss.* .gnu.linkonce.sb.*)
 .sbss          0x0009b91c       0x24 obj/default/hello_ucosii.o
                0x0009b91c                beamCount
                0x0009b920                speed
                0x0009b924                direction
                0x0009b928                triggered
 .sbss          0x0009b940       0x80 obj/default/hello_ucosii.o
                0x0009b940                beam_edges
                0x0009b944                sem_end_operations
                0x0009b948                encoder_edges
                0x0009b94c                Ki
                0x0009b950                thetaMax
                0x0009b954                LEDGreen_dev
                0x0009b958                KeyButtons_dev
                0x0009b95c                encoder_status
                0x0009b960                sem_tracking
                0x0009b964                timer_0_dev
                0x0009b968                globalTime
                0x0009b96c                sem_encoder_change
                0x0009b970                jtag_uart_0_dev
                0x0009b974                beam_dev
                0x0009b978                beam_status
                0x0009b97c                usecs_dev
                0x0009b980                pio_encoder_dev
                0x0009b984                context
                0x0009b988                sem_beam_change
                0x0009b98c                HexDisplay7to4_dev
                0x0009b990                angle
                0x0009b994                HexDisplay3to0_dev
                0x0009b998                sram_0_dev
                0x0009b99c                err
                0x0009b9a0                motor_voltage_dev
                0x0009b9a4                sem_motorUpdate
                0x0009b9a8                Kd
                0x0009b9ac                R
                0x0009b9b0                period
                0x0009b9b4                Kp
                0x0009b9b8                SliderSW_dev
                0x0009b9bc                LEDRed_dev
 .sbss          0x0009b9c0        0xc c:/altera/13.0sp1/nios2eds/bin/gnu/h-i686-mingw32/bin/../lib/gcc/nios2-elf/4.1.2/../../../../nios2-elf/lib/mno-hw-mul\libc.a(lib_a-locale.o)
                0x0009b9c0                __nlocale_changed
                0x0009b9c4                __mlocale_changed
                0x0009b9c8                _PathLocale
 .sbss          0x0009b9cc        0xc c:/altera/13.0sp1/nios2eds/bin/gnu/h-i686-mingw32/bin/../lib/gcc/nios2-elf/4.1.2/../../../../nios2-elf/lib/mno-hw-mul\libc.a(lib_a-mallocr.o)
                0x0009b9cc                __malloc_top_pad
                0x0009b9d0                __malloc_max_sbrked_mem
                0x0009b9d4                __malloc_max_total_mem
 .sbss          0x0009b9d8        0x4 c:/altera/13.0sp1/nios2eds/bin/gnu/h-i686-mingw32/bin/../lib/gcc/nios2-elf/4.1.2/../../../../nios2-elf/lib/mno-hw-mul\libc.a(lib_a-int_errno.o)
                0x0009b9d8                errno
 .sbss          0x0009b9dc        0x4 ../PenDuLum_bsp/\libucosii_bsp.a(alt_dev.o)
                0x0009b9dc                alt_fd_list_lock
 .sbss          0x0009b9e0        0x4 ../PenDuLum_bsp/\libucosii_bsp.a(alt_irq_vars.o)
                0x0009b9e0                alt_irq_active
 .sbss          0x0009b9e4        0xc ../PenDuLum_bsp/\libucosii_bsp.a(alt_main.o)
                0x0009b9e4                alt_argc
                0x0009b9e8                alt_argv
                0x0009b9ec                alt_envp
 .sbss          0x0009b9f0        0x8 ../PenDuLum_bsp/\libucosii_bsp.a(alt_env_lock.o)
                0x0009b9f4                alt_envsem
 .sbss          0x0009b9f8        0x8 ../PenDuLum_bsp/\libucosii_bsp.a(alt_malloc_lock.o)
                0x0009b9fc                alt_heapsem
 .sbss          0x0009ba00       0x50 ../PenDuLum_bsp/\libucosii_bsp.a(os_core.o)
                0x0009ba00                OSLockNesting
                0x0009ba01                OSRunning
                0x0009ba04                OSIdleCtr
                0x0009ba08                OSPrioHighRdy
                0x0009ba09                OSPrioCur
                0x0009ba0c                OSTCBList
                0x0009ba10                OSTickStepState
                0x0009ba14                OSCtxSwCtr
                0x0009ba18                OSIdleCtrMax
                0x0009ba1c                OSTCBFreeList
                0x0009ba20                OSCPUUsage
                0x0009ba21                OSTaskCtr
                0x0009ba24                OSMemFreeList
                0x0009ba28                OSTCBHighRdy
                0x0009ba2c                OSQFreeList
                0x0009ba30                OSRdyGrp
                0x0009ba31                OSRdyTbl
                0x0009ba34                OSEventFreeList
                0x0009ba38                OSIntNesting
                0x0009ba3c                OSTCBCur
                0x0009ba40                OSTime
                0x0009ba44                OSFlagFreeList
                0x0009ba48                OSStatRdy
                0x0009ba4c                OSIdleCtrRun
 .sbss          0x0009ba50        0x8 ../PenDuLum_bsp/\libucosii_bsp.a(alt_tick.o)
                0x0009ba50                _alt_tick_rate
                0x0009ba54                _alt_nticks
 *(.sbss2 .sbss2.* .gnu.linkonce.sb2.*)
 *(.scommon)
                0x0009ba58                PROVIDE (__sbss_end, ABSOLUTE (.))
                0x0009ba58                PROVIDE (___sbss_end, ABSOLUTE (.))
 *(.dynbss)
 *(.bss .bss.* .gnu.linkonce.b.*)
 .bss           0x0009ba58        0x0 ../PenDuLum_bsp//obj/HAL/src/crt0.o
 .bss           0x0009ba58        0x0 obj/default/hello_ucosii.o
 .bss           0x0009ba58        0x0 c:/altera/13.0sp1/nios2eds/bin/gnu/h-i686-mingw32/bin/../lib/gcc/nios2-elf/4.1.2/mno-hw-mul\libgcc.a(_mul_df.o)
 .bss           0x0009ba58        0x0 c:/altera/13.0sp1/nios2eds/bin/gnu/h-i686-mingw32/bin/../lib/gcc/nios2-elf/4.1.2/mno-hw-mul\libgcc.a(_div_df.o)
 .bss           0x0009ba58        0x0 c:/altera/13.0sp1/nios2eds/bin/gnu/h-i686-mingw32/bin/../lib/gcc/nios2-elf/4.1.2/mno-hw-mul\libgcc.a(_si_to_df.o)
 .bss           0x0009ba58        0x0 c:/altera/13.0sp1/nios2eds/bin/gnu/h-i686-mingw32/bin/../lib/gcc/nios2-elf/4.1.2/mno-hw-mul\libgcc.a(_df_to_si.o)
 .bss           0x0009ba58        0x0 c:/altera/13.0sp1/nios2eds/bin/gnu/h-i686-mingw32/bin/../lib/gcc/nios2-elf/4.1.2/mno-hw-mul\libgcc.a(_thenan_df.o)
 .bss           0x0009ba58        0x0 c:/altera/13.0sp1/nios2eds/bin/gnu/h-i686-mingw32/bin/../lib/gcc/nios2-elf/4.1.2/mno-hw-mul\libgcc.a(lib2-divmod.o)
 .bss           0x0009ba58        0x0 c:/altera/13.0sp1/nios2eds/bin/gnu/h-i686-mingw32/bin/../lib/gcc/nios2-elf/4.1.2/mno-hw-mul\libgcc.a(lib2-mul.o)
 .bss           0x0009ba58        0x0 c:/altera/13.0sp1/nios2eds/bin/gnu/h-i686-mingw32/bin/../lib/gcc/nios2-elf/4.1.2/mno-hw-mul\libgcc.a(_muldi3.o)
 .bss           0x0009ba58        0x0 c:/altera/13.0sp1/nios2eds/bin/gnu/h-i686-mingw32/bin/../lib/gcc/nios2-elf/4.1.2/mno-hw-mul\libgcc.a(_clzsi2.o)
 .bss           0x0009ba58        0x0 c:/altera/13.0sp1/nios2eds/bin/gnu/h-i686-mingw32/bin/../lib/gcc/nios2-elf/4.1.2/mno-hw-mul\libgcc.a(_pack_df.o)
 .bss           0x0009ba58        0x0 c:/altera/13.0sp1/nios2eds/bin/gnu/h-i686-mingw32/bin/../lib/gcc/nios2-elf/4.1.2/mno-hw-mul\libgcc.a(_unpack_df.o)
 .bss           0x0009ba58        0x0 c:/altera/13.0sp1/nios2eds/bin/gnu/h-i686-mingw32/bin/../lib/gcc/nios2-elf/4.1.2/mno-hw-mul\libgcc.a(_clz.o)
 .bss           0x0009ba58        0x0 c:/altera/13.0sp1/nios2eds/bin/gnu/h-i686-mingw32/bin/../lib/gcc/nios2-elf/4.1.2/../../../../nios2-elf/lib/mno-hw-mul\libc.a(lib_a-printf.o)
 .bss           0x0009ba58        0x0 c:/altera/13.0sp1/nios2eds/bin/gnu/h-i686-mingw32/bin/../lib/gcc/nios2-elf/4.1.2/../../../../nios2-elf/lib/mno-hw-mul\libc.a(lib_a-putchar.o)
 .bss           0x0009ba58        0x0 c:/altera/13.0sp1/nios2eds/bin/gnu/h-i686-mingw32/bin/../lib/gcc/nios2-elf/4.1.2/../../../../nios2-elf/lib/mno-hw-mul\libc.a(lib_a-puts.o)
 .bss           0x0009ba58        0x0 c:/altera/13.0sp1/nios2eds/bin/gnu/h-i686-mingw32/bin/../lib/gcc/nios2-elf/4.1.2/../../../../nios2-elf/lib/mno-hw-mul\libc.a(lib_a-strlen.o)
 .bss           0x0009ba58        0x0 c:/altera/13.0sp1/nios2eds/bin/gnu/h-i686-mingw32/bin/../lib/gcc/nios2-elf/4.1.2/../../../../nios2-elf/lib/mno-hw-mul\libc.a(lib_a-vfprintf.o)
 .bss           0x0009ba58        0x0 c:/altera/13.0sp1/nios2eds/bin/gnu/h-i686-mingw32/bin/../lib/gcc/nios2-elf/4.1.2/../../../../nios2-elf/lib/mno-hw-mul\libc.a(lib_a-wsetup.o)
 .bss           0x0009ba58        0x0 c:/altera/13.0sp1/nios2eds/bin/gnu/h-i686-mingw32/bin/../lib/gcc/nios2-elf/4.1.2/../../../../nios2-elf/lib/mno-hw-mul\libc.a(lib_a-dtoa.o)
 .bss           0x0009ba58        0x0 c:/altera/13.0sp1/nios2eds/bin/gnu/h-i686-mingw32/bin/../lib/gcc/nios2-elf/4.1.2/../../../../nios2-elf/lib/mno-hw-mul\libc.a(lib_a-fflush.o)
 .bss           0x0009ba58        0x0 c:/altera/13.0sp1/nios2eds/bin/gnu/h-i686-mingw32/bin/../lib/gcc/nios2-elf/4.1.2/../../../../nios2-elf/lib/mno-hw-mul\libc.a(lib_a-findfp.o)
 .bss           0x0009ba58        0x0 c:/altera/13.0sp1/nios2eds/bin/gnu/h-i686-mingw32/bin/../lib/gcc/nios2-elf/4.1.2/../../../../nios2-elf/lib/mno-hw-mul\libc.a(lib_a-freer.o)
 .bss           0x0009ba58        0x0 c:/altera/13.0sp1/nios2eds/bin/gnu/h-i686-mingw32/bin/../lib/gcc/nios2-elf/4.1.2/../../../../nios2-elf/lib/mno-hw-mul\libc.a(lib_a-fvwrite.o)
 .bss           0x0009ba58        0x0 c:/altera/13.0sp1/nios2eds/bin/gnu/h-i686-mingw32/bin/../lib/gcc/nios2-elf/4.1.2/../../../../nios2-elf/lib/mno-hw-mul\libc.a(lib_a-fwalk.o)
 .bss           0x0009ba58        0x0 c:/altera/13.0sp1/nios2eds/bin/gnu/h-i686-mingw32/bin/../lib/gcc/nios2-elf/4.1.2/../../../../nios2-elf/lib/mno-hw-mul\libc.a(lib_a-impure.o)
 .bss           0x0009ba58        0x0 c:/altera/13.0sp1/nios2eds/bin/gnu/h-i686-mingw32/bin/../lib/gcc/nios2-elf/4.1.2/../../../../nios2-elf/lib/mno-hw-mul\libc.a(lib_a-locale.o)
 .bss           0x0009ba58        0x0 c:/altera/13.0sp1/nios2eds/bin/gnu/h-i686-mingw32/bin/../lib/gcc/nios2-elf/4.1.2/../../../../nios2-elf/lib/mno-hw-mul\libc.a(lib_a-makebuf.o)
 .bss           0x0009ba58       0x28 c:/altera/13.0sp1/nios2eds/bin/gnu/h-i686-mingw32/bin/../lib/gcc/nios2-elf/4.1.2/../../../../nios2-elf/lib/mno-hw-mul\libc.a(lib_a-mallocr.o)
                0x0009ba58                __malloc_current_mallinfo
 .bss           0x0009ba80        0x0 c:/altera/13.0sp1/nios2eds/bin/gnu/h-i686-mingw32/bin/../lib/gcc/nios2-elf/4.1.2/../../../../nios2-elf/lib/mno-hw-mul\libc.a(lib_a-memchr.o)
 .bss           0x0009ba80        0x0 c:/altera/13.0sp1/nios2eds/bin/gnu/h-i686-mingw32/bin/../lib/gcc/nios2-elf/4.1.2/../../../../nios2-elf/lib/mno-hw-mul\libc.a(lib_a-memcpy.o)
 .bss           0x0009ba80        0x0 c:/altera/13.0sp1/nios2eds/bin/gnu/h-i686-mingw32/bin/../lib/gcc/nios2-elf/4.1.2/../../../../nios2-elf/lib/mno-hw-mul\libc.a(lib_a-memmove.o)
 .bss           0x0009ba80        0x0 c:/altera/13.0sp1/nios2eds/bin/gnu/h-i686-mingw32/bin/../lib/gcc/nios2-elf/4.1.2/../../../../nios2-elf/lib/mno-hw-mul\libc.a(lib_a-memset.o)
 .bss           0x0009ba80        0x0 c:/altera/13.0sp1/nios2eds/bin/gnu/h-i686-mingw32/bin/../lib/gcc/nios2-elf/4.1.2/../../../../nios2-elf/lib/mno-hw-mul\libc.a(lib_a-mprec.o)
 .bss           0x0009ba80        0x0 c:/altera/13.0sp1/nios2eds/bin/gnu/h-i686-mingw32/bin/../lib/gcc/nios2-elf/4.1.2/../../../../nios2-elf/lib/mno-hw-mul\libc.a(lib_a-putc.o)
 .bss           0x0009ba80        0x0 c:/altera/13.0sp1/nios2eds/bin/gnu/h-i686-mingw32/bin/../lib/gcc/nios2-elf/4.1.2/../../../../nios2-elf/lib/mno-hw-mul\libc.a(lib_a-reallocr.o)
 .bss           0x0009ba80        0x0 c:/altera/13.0sp1/nios2eds/bin/gnu/h-i686-mingw32/bin/../lib/gcc/nios2-elf/4.1.2/../../../../nios2-elf/lib/mno-hw-mul\libc.a(lib_a-s_isinfd.o)
 .bss           0x0009ba80        0x0 c:/altera/13.0sp1/nios2eds/bin/gnu/h-i686-mingw32/bin/../lib/gcc/nios2-elf/4.1.2/../../../../nios2-elf/lib/mno-hw-mul\libc.a(lib_a-s_isnand.o)
 .bss           0x0009ba80        0x0 c:/altera/13.0sp1/nios2eds/bin/gnu/h-i686-mingw32/bin/../lib/gcc/nios2-elf/4.1.2/../../../../nios2-elf/lib/mno-hw-mul\libc.a(lib_a-sbrkr.o)
 .bss           0x0009ba80        0x0 c:/altera/13.0sp1/nios2eds/bin/gnu/h-i686-mingw32/bin/../lib/gcc/nios2-elf/4.1.2/../../../../nios2-elf/lib/mno-hw-mul\libc.a(lib_a-stdio.o)
 .bss           0x0009ba80        0x0 c:/altera/13.0sp1/nios2eds/bin/gnu/h-i686-mingw32/bin/../lib/gcc/nios2-elf/4.1.2/../../../../nios2-elf/lib/mno-hw-mul\libc.a(lib_a-strcmp.o)
 .bss           0x0009ba80        0x0 c:/altera/13.0sp1/nios2eds/bin/gnu/h-i686-mingw32/bin/../lib/gcc/nios2-elf/4.1.2/../../../../nios2-elf/lib/mno-hw-mul\libc.a(lib_a-wbuf.o)
 .bss           0x0009ba80        0x0 c:/altera/13.0sp1/nios2eds/bin/gnu/h-i686-mingw32/bin/../lib/gcc/nios2-elf/4.1.2/../../../../nios2-elf/lib/mno-hw-mul\libc.a(lib_a-writer.o)
 .bss           0x0009ba80        0x0 c:/altera/13.0sp1/nios2eds/bin/gnu/h-i686-mingw32/bin/../lib/gcc/nios2-elf/4.1.2/../../../../nios2-elf/lib/mno-hw-mul\libc.a(lib_a-callocr.o)
 .bss           0x0009ba80        0x0 c:/altera/13.0sp1/nios2eds/bin/gnu/h-i686-mingw32/bin/../lib/gcc/nios2-elf/4.1.2/../../../../nios2-elf/lib/mno-hw-mul\libc.a(lib_a-closer.o)
 .bss           0x0009ba80        0x0 c:/altera/13.0sp1/nios2eds/bin/gnu/h-i686-mingw32/bin/../lib/gcc/nios2-elf/4.1.2/../../../../nios2-elf/lib/mno-hw-mul\libc.a(lib_a-fclose.o)
 .bss           0x0009ba80        0x0 c:/altera/13.0sp1/nios2eds/bin/gnu/h-i686-mingw32/bin/../lib/gcc/nios2-elf/4.1.2/../../../../nios2-elf/lib/mno-hw-mul\libc.a(lib_a-fstatr.o)
 .bss           0x0009ba80        0x0 c:/altera/13.0sp1/nios2eds/bin/gnu/h-i686-mingw32/bin/../lib/gcc/nios2-elf/4.1.2/../../../../nios2-elf/lib/mno-hw-mul\libc.a(lib_a-int_errno.o)
 .bss           0x0009ba80        0x0 c:/altera/13.0sp1/nios2eds/bin/gnu/h-i686-mingw32/bin/../lib/gcc/nios2-elf/4.1.2/../../../../nios2-elf/lib/mno-hw-mul\libc.a(lib_a-isattyr.o)
 .bss           0x0009ba80        0x0 c:/altera/13.0sp1/nios2eds/bin/gnu/h-i686-mingw32/bin/../lib/gcc/nios2-elf/4.1.2/../../../../nios2-elf/lib/mno-hw-mul\libc.a(lib_a-lseekr.o)
 .bss           0x0009ba80        0x0 c:/altera/13.0sp1/nios2eds/bin/gnu/h-i686-mingw32/bin/../lib/gcc/nios2-elf/4.1.2/../../../../nios2-elf/lib/mno-hw-mul\libc.a(lib_a-readr.o)
 .bss           0x0009ba80        0x0 c:/altera/13.0sp1/nios2eds/bin/gnu/h-i686-mingw32/bin/../lib/gcc/nios2-elf/4.1.2/mno-hw-mul\libgcc.a(_udivdi3.o)
 .bss           0x0009ba80        0x0 c:/altera/13.0sp1/nios2eds/bin/gnu/h-i686-mingw32/bin/../lib/gcc/nios2-elf/4.1.2/mno-hw-mul\libgcc.a(_umoddi3.o)
 .bss           0x0009ba80        0x0 c:/altera/13.0sp1/nios2eds/bin/gnu/h-i686-mingw32/bin/../lib/gcc/nios2-elf/4.1.2/mno-hw-mul\libgcc.a(_addsub_df.o)
 .bss           0x0009ba80        0x0 c:/altera/13.0sp1/nios2eds/bin/gnu/h-i686-mingw32/bin/../lib/gcc/nios2-elf/4.1.2/mno-hw-mul\libgcc.a(_eq_df.o)
 .bss           0x0009ba80        0x0 c:/altera/13.0sp1/nios2eds/bin/gnu/h-i686-mingw32/bin/../lib/gcc/nios2-elf/4.1.2/mno-hw-mul\libgcc.a(_ne_df.o)
 .bss           0x0009ba80        0x0 c:/altera/13.0sp1/nios2eds/bin/gnu/h-i686-mingw32/bin/../lib/gcc/nios2-elf/4.1.2/mno-hw-mul\libgcc.a(_gt_df.o)
 .bss           0x0009ba80        0x0 c:/altera/13.0sp1/nios2eds/bin/gnu/h-i686-mingw32/bin/../lib/gcc/nios2-elf/4.1.2/mno-hw-mul\libgcc.a(_ge_df.o)
 .bss           0x0009ba80        0x0 c:/altera/13.0sp1/nios2eds/bin/gnu/h-i686-mingw32/bin/../lib/gcc/nios2-elf/4.1.2/mno-hw-mul\libgcc.a(_lt_df.o)
 .bss           0x0009ba80        0x0 c:/altera/13.0sp1/nios2eds/bin/gnu/h-i686-mingw32/bin/../lib/gcc/nios2-elf/4.1.2/mno-hw-mul\libgcc.a(_usi_to_df.o)
 .bss           0x0009ba80        0x0 c:/altera/13.0sp1/nios2eds/bin/gnu/h-i686-mingw32/bin/../lib/gcc/nios2-elf/4.1.2/mno-hw-mul\libgcc.a(_fpcmp_parts_df.o)
 .bss           0x0009ba80        0x0 ../PenDuLum_bsp/\libucosii_bsp.a(alt_close.o)
 .bss           0x0009ba80        0x0 ../PenDuLum_bsp/\libucosii_bsp.a(alt_dev.o)
 .bss           0x0009ba80        0x0 ../PenDuLum_bsp/\libucosii_bsp.a(alt_errno.o)
 .bss           0x0009ba80        0x0 ../PenDuLum_bsp/\libucosii_bsp.a(alt_fstat.o)
 .bss           0x0009ba80        0x0 ../PenDuLum_bsp/\libucosii_bsp.a(alt_irq_register.o)
 .bss           0x0009ba80        0x0 ../PenDuLum_bsp/\libucosii_bsp.a(alt_irq_vars.o)
 .bss           0x0009ba80        0x0 ../PenDuLum_bsp/\libucosii_bsp.a(alt_isatty.o)
 .bss           0x0009ba80        0x0 ../PenDuLum_bsp/\libucosii_bsp.a(alt_load.o)
 .bss           0x0009ba80        0x0 ../PenDuLum_bsp/\libucosii_bsp.a(alt_lseek.o)
 .bss           0x0009ba80        0x0 ../PenDuLum_bsp/\libucosii_bsp.a(alt_main.o)
 .bss           0x0009ba80        0x0 ../PenDuLum_bsp/\libucosii_bsp.a(alt_read.o)
 .bss           0x0009ba80        0x0 ../PenDuLum_bsp/\libucosii_bsp.a(alt_release_fd.o)
 .bss           0x0009ba80        0x0 ../PenDuLum_bsp/\libucosii_bsp.a(alt_sbrk.o)
 .bss           0x0009ba80        0x0 ../PenDuLum_bsp/\libucosii_bsp.a(alt_write.o)
 .bss           0x0009ba80        0x0 ../PenDuLum_bsp/\libucosii_bsp.a(alt_env_lock.o)
 .bss           0x0009ba80        0x0 ../PenDuLum_bsp/\libucosii_bsp.a(alt_malloc_lock.o)
 .bss           0x0009ba80        0x0 ../PenDuLum_bsp/\libucosii_bsp.a(os_core.o)
 .bss           0x0009ba80        0x0 ../PenDuLum_bsp/\libucosii_bsp.a(os_dbg.o)
 .bss           0x0009ba80        0x0 ../PenDuLum_bsp/\libucosii_bsp.a(os_flag.o)
 .bss           0x0009ba80        0x0 ../PenDuLum_bsp/\libucosii_bsp.a(os_mem.o)
 .bss           0x0009ba80        0x0 ../PenDuLum_bsp/\libucosii_bsp.a(os_q.o)
 .bss           0x0009ba80        0x0 ../PenDuLum_bsp/\libucosii_bsp.a(os_sem.o)
 .bss           0x0009ba80        0x0 ../PenDuLum_bsp/\libucosii_bsp.a(os_task.o)
 .bss           0x0009ba80        0x0 ../PenDuLum_bsp/\libucosii_bsp.a(os_time.o)
 .bss           0x0009ba80        0x0 ../PenDuLum_bsp/\libucosii_bsp.a(alt_sys_init.o)
 .bss           0x0009ba80        0x0 ../PenDuLum_bsp/\libucosii_bsp.a(altera_avalon_jtag_uart_fd.o)
 .bss           0x0009ba80        0x0 ../PenDuLum_bsp/\libucosii_bsp.a(altera_avalon_jtag_uart_init.o)
 .bss           0x0009ba80        0x0 ../PenDuLum_bsp/\libucosii_bsp.a(altera_avalon_jtag_uart_ioctl.o)
 .bss           0x0009ba80        0x0 ../PenDuLum_bsp/\libucosii_bsp.a(altera_avalon_jtag_uart_read.o)
 .bss           0x0009ba80        0x0 ../PenDuLum_bsp/\libucosii_bsp.a(altera_avalon_jtag_uart_write.o)
 .bss           0x0009ba80        0x0 ../PenDuLum_bsp/\libucosii_bsp.a(altera_avalon_timer_sc.o)
 .bss           0x0009ba80        0x0 ../PenDuLum_bsp/\libucosii_bsp.a(altera_up_avalon_parallel_port.o)
 .bss           0x0009ba80        0x0 ../PenDuLum_bsp/\libucosii_bsp.a(alt_alarm_start.o)
 .bss           0x0009ba80        0x0 ../PenDuLum_bsp/\libucosii_bsp.a(alt_dcache_flush_all.o)
 .bss           0x0009ba80        0x0 ../PenDuLum_bsp/\libucosii_bsp.a(alt_dev_llist_insert.o)
 .bss           0x0009ba80        0x0 ../PenDuLum_bsp/\libucosii_bsp.a(alt_do_ctors.o)
 .bss           0x0009ba80        0x0 ../PenDuLum_bsp/\libucosii_bsp.a(alt_do_dtors.o)
 .bss           0x0009ba80        0x0 ../PenDuLum_bsp/\libucosii_bsp.a(alt_find_dev.o)
 .bss           0x0009ba80        0x0 ../PenDuLum_bsp/\libucosii_bsp.a(alt_icache_flush_all.o)
 .bss           0x0009ba80        0x0 ../PenDuLum_bsp/\libucosii_bsp.a(alt_io_redirect.o)
 .bss           0x0009ba80        0x0 ../PenDuLum_bsp/\libucosii_bsp.a(alt_irq_entry.o)
 .bss           0x0009ba80        0x0 ../PenDuLum_bsp/\libucosii_bsp.a(alt_irq_handler.o)
 .bss           0x0009ba80        0x0 ../PenDuLum_bsp/\libucosii_bsp.a(alt_open.o)
 .bss           0x0009ba80        0x0 ../PenDuLum_bsp/\libucosii_bsp.a(alt_tick.o)
 .bss           0x0009ba80        0x0 ../PenDuLum_bsp/\libucosii_bsp.a(altera_nios2_qsys_irq.o)
 .bss           0x0009ba80        0x0 ../PenDuLum_bsp/\libucosii_bsp.a(os_cpu_a.o)
 .bss           0x0009ba80        0x0 ../PenDuLum_bsp/\libucosii_bsp.a(os_cpu_c.o)
 .bss           0x0009ba80        0x0 ../PenDuLum_bsp/\libucosii_bsp.a(alt_exception_entry.o)
 .bss           0x0009ba80        0x0 ../PenDuLum_bsp/\libucosii_bsp.a(alt_find_file.o)
 .bss           0x0009ba80        0x0 ../PenDuLum_bsp/\libucosii_bsp.a(alt_get_fd.o)
 .bss           0x0009ba80        0x0 c:/altera/13.0sp1/nios2eds/bin/gnu/h-i686-mingw32/bin/../lib/gcc/nios2-elf/4.1.2/../../../../nios2-elf/lib/mno-hw-mul\libc.a(lib_a-atexit.o)
 .bss           0x0009ba80        0x0 c:/altera/13.0sp1/nios2eds/bin/gnu/h-i686-mingw32/bin/../lib/gcc/nios2-elf/4.1.2/../../../../nios2-elf/lib/mno-hw-mul\libc.a(lib_a-exit.o)
 .bss           0x0009ba80        0x0 c:/altera/13.0sp1/nios2eds/bin/gnu/h-i686-mingw32/bin/../lib/gcc/nios2-elf/4.1.2/../../../../nios2-elf/lib/mno-hw-mul\libc.a(lib_a-memcmp.o)
 .bss           0x0009ba80        0x0 c:/altera/13.0sp1/nios2eds/bin/gnu/h-i686-mingw32/bin/../lib/gcc/nios2-elf/4.1.2/../../../../nios2-elf/lib/mno-hw-mul\libc.a(lib_a-__atexit.o)
 .bss           0x0009ba80        0x0 c:/altera/13.0sp1/nios2eds/bin/gnu/h-i686-mingw32/bin/../lib/gcc/nios2-elf/4.1.2/../../../../nios2-elf/lib/mno-hw-mul\libc.a(lib_a-__call_atexit.o)
 .bss           0x0009ba80        0x0 c:/altera/13.0sp1/nios2eds/bin/gnu/h-i686-mingw32/bin/../lib/gcc/nios2-elf/4.1.2/mno-hw-mul\libgcc.a(_fixunsdfsi.o)
 .bss           0x0009ba80        0x0 ../PenDuLum_bsp/\libucosii_bsp.a(alt_exit.o)
 *(COMMON)
 COMMON         0x0009ba80    0x12f28 obj/default/hello_ucosii.o
                0x0009ba80                gain_constant_stk
                0x0009da80                tracking_stk
                0x0009fa80                integratorError
                0x0009fabc                motor_setting_stk
                0x000a1abc                display_angle_stk
                0x000a3abc                dataStack2
                0x000a4a5c                PID_stk
                0x000a6a5c                dataStack3
                0x000a79fc                dataStack
                0x000a899c                Time
                0x000a89a8                encoder_change_stk
                0x000aa9a8                beam_change_stk
                0x000ac9a8                end_operations_stk
 COMMON         0x000ae9a8     0x3224 ../PenDuLum_bsp/\libucosii_bsp.a(os_core.o)
                0x000ae9a8                OSFlagTbl
                0x000aed18                OSMemTbl
                0x000af948                OSTaskStatStk
                0x000b0148                OSQTbl
                0x000b0328                OSTaskIdleStk
                0x000b0b28                OSEventTbl
                0x000b1668                OSTCBTbl
                0x000b1b78                OSTCBPrioTbl
 COMMON         0x000b1bcc      0x100 ../PenDuLum_bsp/\libucosii_bsp.a(alt_irq_handler.o)
                0x000b1bcc                alt_irq
 COMMON         0x000b1ccc      0x190 c:/altera/13.0sp1/nios2eds/bin/gnu/h-i686-mingw32/bin/../lib/gcc/nios2-elf/4.1.2/../../../../nios2-elf/lib/mno-hw-mul\libc.a(lib_a-atexit.o)
                0x000b1ccc                _atexit0
                0x000b1e5c                . = ALIGN (0x4)
                0x000b1e5c                __bss_end = ABSOLUTE (.)

.sram_0         0x000b1e5c        0x0
                0x000b1e5c                PROVIDE (_alt_partition_sram_0_start, ABSOLUTE (.))
 *(.sram_0. sram_0.*)
                0x000b1e5c                . = ALIGN (0x4)
                0x000b1e5c                PROVIDE (_alt_partition_sram_0_end, ABSOLUTE (.))
                0x000b1e5c                _end = ABSOLUTE (.)
                0x000b1e5c                end = ABSOLUTE (.)
                0x000b1e5c                __alt_stack_base = ABSOLUTE (.)
                0x000b1e5c                PROVIDE (_alt_partition_sram_0_load_addr, LOADADDR (.sram_0))

.stab
 *(.stab)

.stabstr
 *(.stabstr)

.stab.excl
 *(.stab.excl)

.stab.exclstr
 *(.stab.exclstr)

.stab.index
 *(.stab.index)

.stab.indexstr
 *(.stab.indexstr)

.comment        0x00000000       0x26
 *(.comment)
 .comment       0x00000000       0x26 obj/default/hello_ucosii.o
                                 0x27 (size before relaxing)
 .comment       0x00000000       0x27 c:/altera/13.0sp1/nios2eds/bin/gnu/h-i686-mingw32/bin/../lib/gcc/nios2-elf/4.1.2/mno-hw-mul\libgcc.a(_mul_df.o)
 .comment       0x00000000       0x27 c:/altera/13.0sp1/nios2eds/bin/gnu/h-i686-mingw32/bin/../lib/gcc/nios2-elf/4.1.2/mno-hw-mul\libgcc.a(_div_df.o)
 .comment       0x00000000       0x27 c:/altera/13.0sp1/nios2eds/bin/gnu/h-i686-mingw32/bin/../lib/gcc/nios2-elf/4.1.2/mno-hw-mul\libgcc.a(_si_to_df.o)
 .comment       0x00000000       0x27 c:/altera/13.0sp1/nios2eds/bin/gnu/h-i686-mingw32/bin/../lib/gcc/nios2-elf/4.1.2/mno-hw-mul\libgcc.a(_df_to_si.o)
 .comment       0x00000000       0x27 c:/altera/13.0sp1/nios2eds/bin/gnu/h-i686-mingw32/bin/../lib/gcc/nios2-elf/4.1.2/mno-hw-mul\libgcc.a(_thenan_df.o)
 .comment       0x00000000       0x27 c:/altera/13.0sp1/nios2eds/bin/gnu/h-i686-mingw32/bin/../lib/gcc/nios2-elf/4.1.2/mno-hw-mul\libgcc.a(lib2-divmod.o)
 .comment       0x00000000       0x27 c:/altera/13.0sp1/nios2eds/bin/gnu/h-i686-mingw32/bin/../lib/gcc/nios2-elf/4.1.2/mno-hw-mul\libgcc.a(lib2-mul.o)
 .comment       0x00000000       0x27 c:/altera/13.0sp1/nios2eds/bin/gnu/h-i686-mingw32/bin/../lib/gcc/nios2-elf/4.1.2/mno-hw-mul\libgcc.a(_muldi3.o)
 .comment       0x00000000       0x27 c:/altera/13.0sp1/nios2eds/bin/gnu/h-i686-mingw32/bin/../lib/gcc/nios2-elf/4.1.2/mno-hw-mul\libgcc.a(_clzsi2.o)
 .comment       0x00000000       0x27 c:/altera/13.0sp1/nios2eds/bin/gnu/h-i686-mingw32/bin/../lib/gcc/nios2-elf/4.1.2/mno-hw-mul\libgcc.a(_pack_df.o)
 .comment       0x00000000       0x27 c:/altera/13.0sp1/nios2eds/bin/gnu/h-i686-mingw32/bin/../lib/gcc/nios2-elf/4.1.2/mno-hw-mul\libgcc.a(_unpack_df.o)
 .comment       0x00000000       0x27 c:/altera/13.0sp1/nios2eds/bin/gnu/h-i686-mingw32/bin/../lib/gcc/nios2-elf/4.1.2/mno-hw-mul\libgcc.a(_clz.o)
 .comment       0x00000000       0x27 c:/altera/13.0sp1/nios2eds/bin/gnu/h-i686-mingw32/bin/../lib/gcc/nios2-elf/4.1.2/../../../../nios2-elf/lib/mno-hw-mul\libc.a(lib_a-printf.o)
 .comment       0x00000000       0x27 c:/altera/13.0sp1/nios2eds/bin/gnu/h-i686-mingw32/bin/../lib/gcc/nios2-elf/4.1.2/../../../../nios2-elf/lib/mno-hw-mul\libc.a(lib_a-putchar.o)
 .comment       0x00000000       0x27 c:/altera/13.0sp1/nios2eds/bin/gnu/h-i686-mingw32/bin/../lib/gcc/nios2-elf/4.1.2/../../../../nios2-elf/lib/mno-hw-mul\libc.a(lib_a-puts.o)
 .comment       0x00000000       0x27 c:/altera/13.0sp1/nios2eds/bin/gnu/h-i686-mingw32/bin/../lib/gcc/nios2-elf/4.1.2/../../../../nios2-elf/lib/mno-hw-mul\libc.a(lib_a-strlen.o)
 .comment       0x00000000       0x27 c:/altera/13.0sp1/nios2eds/bin/gnu/h-i686-mingw32/bin/../lib/gcc/nios2-elf/4.1.2/../../../../nios2-elf/lib/mno-hw-mul\libc.a(lib_a-vfprintf.o)
 .comment       0x00000000       0x27 c:/altera/13.0sp1/nios2eds/bin/gnu/h-i686-mingw32/bin/../lib/gcc/nios2-elf/4.1.2/../../../../nios2-elf/lib/mno-hw-mul\libc.a(lib_a-wsetup.o)
 .comment       0x00000000       0x27 c:/altera/13.0sp1/nios2eds/bin/gnu/h-i686-mingw32/bin/../lib/gcc/nios2-elf/4.1.2/../../../../nios2-elf/lib/mno-hw-mul\libc.a(lib_a-dtoa.o)
 .comment       0x00000000       0x27 c:/altera/13.0sp1/nios2eds/bin/gnu/h-i686-mingw32/bin/../lib/gcc/nios2-elf/4.1.2/../../../../nios2-elf/lib/mno-hw-mul\libc.a(lib_a-fflush.o)
 .comment       0x00000000       0x27 c:/altera/13.0sp1/nios2eds/bin/gnu/h-i686-mingw32/bin/../lib/gcc/nios2-elf/4.1.2/../../../../nios2-elf/lib/mno-hw-mul\libc.a(lib_a-findfp.o)
 .comment       0x00000000       0x27 c:/altera/13.0sp1/nios2eds/bin/gnu/h-i686-mingw32/bin/../lib/gcc/nios2-elf/4.1.2/../../../../nios2-elf/lib/mno-hw-mul\libc.a(lib_a-freer.o)
 .comment       0x00000000       0x27 c:/altera/13.0sp1/nios2eds/bin/gnu/h-i686-mingw32/bin/../lib/gcc/nios2-elf/4.1.2/../../../../nios2-elf/lib/mno-hw-mul\libc.a(lib_a-fvwrite.o)
 .comment       0x00000000       0x27 c:/altera/13.0sp1/nios2eds/bin/gnu/h-i686-mingw32/bin/../lib/gcc/nios2-elf/4.1.2/../../../../nios2-elf/lib/mno-hw-mul\libc.a(lib_a-fwalk.o)
 .comment       0x00000000       0x27 c:/altera/13.0sp1/nios2eds/bin/gnu/h-i686-mingw32/bin/../lib/gcc/nios2-elf/4.1.2/../../../../nios2-elf/lib/mno-hw-mul\libc.a(lib_a-impure.o)
 .comment       0x00000000       0x27 c:/altera/13.0sp1/nios2eds/bin/gnu/h-i686-mingw32/bin/../lib/gcc/nios2-elf/4.1.2/../../../../nios2-elf/lib/mno-hw-mul\libc.a(lib_a-locale.o)
 .comment       0x00000000       0x27 c:/altera/13.0sp1/nios2eds/bin/gnu/h-i686-mingw32/bin/../lib/gcc/nios2-elf/4.1.2/../../../../nios2-elf/lib/mno-hw-mul\libc.a(lib_a-makebuf.o)
 .comment       0x00000000       0x27 c:/altera/13.0sp1/nios2eds/bin/gnu/h-i686-mingw32/bin/../lib/gcc/nios2-elf/4.1.2/../../../../nios2-elf/lib/mno-hw-mul\libc.a(lib_a-mallocr.o)
 .comment       0x00000000       0x27 c:/altera/13.0sp1/nios2eds/bin/gnu/h-i686-mingw32/bin/../lib/gcc/nios2-elf/4.1.2/../../../../nios2-elf/lib/mno-hw-mul\libc.a(lib_a-memchr.o)
 .comment       0x00000000       0x27 c:/altera/13.0sp1/nios2eds/bin/gnu/h-i686-mingw32/bin/../lib/gcc/nios2-elf/4.1.2/../../../../nios2-elf/lib/mno-hw-mul\libc.a(lib_a-memcpy.o)
 .comment       0x00000000       0x27 c:/altera/13.0sp1/nios2eds/bin/gnu/h-i686-mingw32/bin/../lib/gcc/nios2-elf/4.1.2/../../../../nios2-elf/lib/mno-hw-mul\libc.a(lib_a-memmove.o)
 .comment       0x00000000       0x27 c:/altera/13.0sp1/nios2eds/bin/gnu/h-i686-mingw32/bin/../lib/gcc/nios2-elf/4.1.2/../../../../nios2-elf/lib/mno-hw-mul\libc.a(lib_a-memset.o)
 .comment       0x00000000       0x27 c:/altera/13.0sp1/nios2eds/bin/gnu/h-i686-mingw32/bin/../lib/gcc/nios2-elf/4.1.2/../../../../nios2-elf/lib/mno-hw-mul\libc.a(lib_a-mprec.o)
 .comment       0x00000000       0x27 c:/altera/13.0sp1/nios2eds/bin/gnu/h-i686-mingw32/bin/../lib/gcc/nios2-elf/4.1.2/../../../../nios2-elf/lib/mno-hw-mul\libc.a(lib_a-putc.o)
 .comment       0x00000000       0x27 c:/altera/13.0sp1/nios2eds/bin/gnu/h-i686-mingw32/bin/../lib/gcc/nios2-elf/4.1.2/../../../../nios2-elf/lib/mno-hw-mul\libc.a(lib_a-reallocr.o)
 .comment       0x00000000       0x27 c:/altera/13.0sp1/nios2eds/bin/gnu/h-i686-mingw32/bin/../lib/gcc/nios2-elf/4.1.2/../../../../nios2-elf/lib/mno-hw-mul\libc.a(lib_a-s_isinfd.o)